// Vitest Snapshot v1, https://vitest.dev/guide/snapshot.html

exports[`dashboard localization catalogs > publishes every module catalog in en 1`] = `
{
  "authoring": {
    "acceptReadback": "Accept current readback",
    "busy": "Working…",
    "cancelImport": "Cancel import",
    "cancelNavigation": "Keep editing",
    "catalogEmpty": "This class has no available skills.",
    "catalogHeading": "Authorized catalog",
    "catalogLoading": "Loading the class catalog…",
    "chooseClass": "Choose a class to browse its authorized skill catalog.",
    "chooseSkill": "Choose a catalog skill or start a personal draft.",
    "classSelector": "Class",
    "classesEmpty": "No classes are assigned to you yet.",
    "classesHeading": "Authorized classes",
    "classesLoading": "Loading authorized classes…",
    "copy": "Copy to personal skill",
    "copyBlocked": "Copy to personal skill (blocked)",
    "copyHint": "Copy preserves every canonical relative file and uses a new personal slug.",
    "copySource": [Function],
    "destinationSlug": "Destination slug",
    "didactic": "Didactic",
    "digest": "Loaded digest",
    "dirtyNote": "Unsaved edits are preserved until you explicitly save or discard them.",
    "discardAndNavigate": "Discard edits and navigate",
    "draftContent": "Unsaved draft content",
    "editable": "Editable personal skill",
    "editorHeading": "Skill files",
    "errors": {
      "conflict": "The personal skill changed while you were editing.",
      "forbidden": "You do not have access to this class or skill.",
      "invalid": "The server rejected the authoring request as invalid.",
      "load": "The authoring data could not be loaded.",
      "skill-unavailable": "The selected skill is unavailable or stale.",
      "uncertain": "The write outcome is unknown. Your draft is preserved; read it back before deciding.",
    },
    "evaluation": "Evaluation",
    "exportDraft": [Function],
    "exportSaved": [Function],
    "fileContent": "File text",
    "fileError": "The selected files could not be imported or exported.",
    "filePath": "Relative file path",
    "heading": "Skill authoring",
    "importDirectory": "Import directory",
    "importFiles": "Import explicit files",
    "importHint": "Imports complete UTF-8 text files and replaces the current draft files.",
    "importPendingHeading": "Replace draft files?",
    "importPendingNote": "The selected files will replace the current draft file list.",
    "importReplace": "Replace draft files",
    "kind": "Kind",
    "mainFile": "Canonical SKILL.md",
    "newPersonal": "Create or open personal skill",
    "noDraft": "No personal draft is open.",
    "noSkill": "This personal skill does not exist yet; start a new draft below.",
    "pendingHeading": "Confirm navigation",
    "pendingPrompt": [Function],
    "personalHeading": "Personal skill",
    "personalSlug": "Personal slug",
    "readonly": "Read-only catalog skill",
    "readonlyNote": "Catalog content is read-only. Copy it to edit a personal version.",
    "recoveryHeading": "Recovery readback",
    "recoveryNote": "The current personal content is shown without replacing your draft. Accept it explicitly before reapplying edits.",
    "reload": "Reload personal content",
    "reloadCatalog": "Reload catalog",
    "reloadClasses": "Reload classes",
    "removeFile": "Remove file",
    "resourceFile": "Resource file",
    "save": "Save personal skill",
    "saveBlocked": "Save personal skill (blocked)",
    "savedContent": "Saved canonical content",
    "skillIdentity": "Skill identity",
    "slug": "Slug",
    "source": "Source",
    "startPersonal": "Open personal skill",
    "status": {
      "current": "Current",
      "missing": "Missing",
      "stale": "Stale",
    },
    "validate": "Validate draft",
    "validationSuccess": "The draft is valid and has not been published.",
  },
  "evaluation": {
    "approve": "Approve and send feedback",
    "approved": "Approved and sent",
    "busy": "Working…",
    "choose": "Choose a closed session to review its evidence and evaluation.",
    "confidence": "Confidence",
    "confidences": {
      "high": "High",
      "low": "Low",
      "medium": "Medium",
    },
    "criteria": "Private criterion assessments",
    "difficulties": "Private difficulties (one per line)",
    "draft": "Draft — requires teacher review",
    "empty": "No closed sessions on this page.",
    "error": "The operation could not be confirmed. Retry or refresh to check the server state.",
    "evidence": "Canonical evidence",
    "explanation": "Evidence",
    "failed": "Generation failed",
    "failures": {
      "inference-failed": "The model request failed or exceeded its budget.",
      "input-too-large": "The frozen session exceeds the evaluation size limit.",
      "interrupted": "Generation was interrupted. A new attempt needs a new draft.",
      "invalid-draft": "The model response did not satisfy the evaluation contract.",
      "unconfigured": "The captured evaluation route or budget is unavailable.",
    },
    "frozen": "Frozen input",
    "generate": "Generate new draft",
    "generation": "Generation",
    "heading": "Session evaluation",
    "learningNote": "Summary for the tutor",
    "load": "Load sessions",
    "method": "Evaluation method",
    "more": "Older sessions",
    "moreEvidence": "Next evidence page",
    "noDraft": "No evaluation yet. Generation uses the frozen session and its independent evaluation budget.",
    "privacy": "Only the reviewed student feedback is sent. Notes, difficulties and criteria remain private.",
    "private": "Private teacher note",
    "public": "Feedback sent to the student",
    "queued": "Queued",
    "refresh": "Reload review (discard local edits)",
    "result": "Result",
    "results": {
      "no-evidence": "No evidence",
      "not-passed": "Not met",
      "passed": "Met",
    },
    "retry": "Retry the same request",
    "review": "Evaluation content",
    "running": "Generating — refresh to check progress",
    "select": "Review",
    "sessions": "Closed sessions",
  },
  "governance": {
    "acceptReadback": "Use server version",
    "accounts": "Accounts",
    "activate": "Add or reactivate",
    "agentMode": "Agent mode",
    "authority": "Actions are checked again by the server. Private operator settings are not managed here.",
    "busy": "Working…",
    "cancel": "Cancel preview",
    "centers": "Centers",
    "classId": "Class ID",
    "classes": "Classes",
    "clearPackage": "Clear package",
    "confirm": "Confirm import",
    "create": "Create",
    "disable": "Disable",
    "discardAndSwitch": "Switch",
    "dismiss": "Discard",
    "displayName": "Display name",
    "enable": "Enable",
    "exchange": "Class exchange",
    "expired": "This preview expired. Preview again before confirming.",
    "expiresAt": [Function],
    "export": "Export",
    "exported": "Exported package",
    "heading": "Center administration",
    "importText": "Package to import",
    "initialClass": "Initial class",
    "instructions": "Instructions",
    "login": "Login",
    "member": "Account",
    "membershipStates": {
      "active": "Active",
      "revoked": "Revoked",
    },
    "memberships": "Memberships",
    "noClass": "None",
    "pendingCreates": "Unconfirmed creations",
    "pendingSwitch": "You have unsaved work here. Discard it from view and switch?",
    "preservesPolicy": "The destination evaluation policy is kept.",
    "preview": "Preview import",
    "previewHeading": "Import preview",
    "problems": {
      "conflict": "Someone changed this data first. Reload, review and try again.",
      "forbidden": "Administrator access is no longer available. Sign in again.",
      "invalid": "The request or server response was not valid for this selection.",
      "load": "The server could not be reached. Reload to check the current state.",
      "skill-unavailable": "A selected skill is not available in this center.",
      "uncertain": "The result could not be confirmed. Reload to check before retrying.",
      "unconfigured": "The installation operator has not configured this class yet.",
    },
    "reload": "Reload",
    "rename": "Save name",
    "resume": "Show",
    "retry": "Retry",
    "revisionMissing": "This class has no teaching revision yet.",
    "revoke": "Revoke",
    "revokeSessions": "End sessions",
    "revokedAt": [Function],
    "role": "Role",
    "roles": {
      "student": "Student",
      "teacher": "Teacher",
    },
    "select": "Open",
    "selection": [Function],
    "serverVersion": [Function],
    "stage": "Stage package",
    "state": "State",
    "states": {
      "active": "Active",
      "disabled": "Disabled",
      "pending": "Pending credential",
    },
    "stay": "Stay",
    "unreviewed": "Preview again in this session before confirming.",
    "userId": "User ID",
  },
  "health": {
    "available": "Available",
    "checked": "Checked",
    "denied": "Access denied. Sign in again or select an authorized class.",
    "empty": "Select a class to see service health.",
    "error": "Service health is unavailable. Try again.",
    "inference": "Tutoring model",
    "inferenceNote": "This server does not check the model service. A configured provider is not proof that it answers.",
    "loading": "Loading service health…",
    "meaning": "Available and stale describe the last observation this server holds. Unknown means it was not measured.",
    "notObserved": "No observation",
    "observed": "Last observed",
    "refresh": "Refresh health",
    "stale": "Stale",
    "staleAfter": "Observations older than {minutes} minutes are stale.",
    "storage": "Class data storage",
    "telemetryDelivery": "Telemetry delivery",
    "telemetryNote": "Delivery is not confirmed. Configured telemetry is not proof that data arrived.",
    "title": "Service health",
    "unknown": "Unknown",
    "usageLedger": "Usage records",
  },
  "insights": {
    "adaptationNote": "Changes apply to new tutoring sessions. Manual adjustments prevent older sessions from advancing these criteria.",
    "affected": "Affected / assessed",
    "all": "All",
    "approved": "Approved",
    "back": "Back",
    "budget": "Analysis budget",
    "cancel": "Cancel",
    "cancelled": "Cancelled",
    "complete": "Complete",
    "confidence": "Confidence",
    "confirmReset": "Reset all criteria in this skill?",
    "custom": "Custom",
    "date": "Date",
    "days7": "7 days",
    "disabled": "Disabled for this class",
    "disconnected": "Disconnected",
    "download": "Download HTML",
    "empty": "No records in this selection",
    "enableAdaptive": "Adapt the tutor to reviewed progress",
    "enableMap": "Enable attention map",
    "error": "The operation failed. Refresh and try again.",
    "evidence": "Evidence",
    "failed": "Failed",
    "from": "From",
    "generate": "Generate report",
    "green": "Progressing",
    "high": "High confidence",
    "history": "History",
    "hours24": "24 hours",
    "hours6": "6 hours",
    "hours72": "72 hours",
    "interrupted": "Interrupted",
    "invalidated": "Evidence deleted",
    "level": "Level",
    "loading": "Loading…",
    "low": "Low confidence",
    "map": "Attention map",
    "mapNote": "Attention estimates are not grades. Silence alone does not mean difficulty.",
    "medium": "Medium confidence",
    "more": "More",
    "noProgress": "No adaptive session has captured criteria for this student yet.",
    "oldDefinition": "Historical definitions are retained",
    "partial": "Partial report: some evidence could not be analyzed",
    "pending": "Awaiting analysis",
    "period": "Period",
    "progress": "Learning progress",
    "provisional": "Provisional",
    "queued": "Queued",
    "reason": "Reason",
    "reasonRequired": "A reason is required",
    "red": "Needs attention",
    "refresh": "Refresh",
    "reportNote": "Provisional analyses do not approve evaluations or change learner progress.",
    "reports": "Class reports",
    "requests": "Requests",
    "resetSkill": "Reset skill",
    "retry": "New attempt",
    "running": "Analyzing",
    "save": "Save",
    "selectClass": "Select a class",
    "selectStudent": "Select a student",
    "session": "Open session",
    "setLevel": "Set level",
    "settings": "Educational tools",
    "skill": "Skill",
    "success": "Saved",
    "target": "Target",
    "teacher": "Teacher",
    "to": "To",
    "tokens": "Tokens",
    "unavailable": "Unavailable",
    "unconfigured": "An administrator must configure the model and budget.",
    "yellow": "Observe",
  },
  "interpolated": {
    "copySource": "Copy source skill:one",
    "expiresAt": "Expires at 2026-09-21T12:00:00Z",
    "exportDraft": "Export draft out",
    "exportSaved": "Export saved out",
    "pendingPrompt": "Switch to Physics? Unsaved draft changes will be lost.",
    "revokedAt": "Sessions ended at 2026-09-21T11:00:00Z",
    "savedVersion": "Saved version v1",
    "selection": "1 didactic and 2 evaluation skills",
    "serverVersion": "Server row: v1",
    "signedInAs": "Signed in as Ada",
    "switchPrompt": "Switch to Physics? Unsaved draft changes will be lost.",
  },
  "profile": {
    "accept": "Accept current state",
    "aside": "Aside",
    "catalog": "This page uses a different plugin release. Your draft is retained. Reload the page after recording your draft.",
    "classOverride": "My class view",
    "compact": "Compact",
    "confirm": "Leave this session and discard its unsaved review or notice?",
    "confirmReset": "Reset this profile scope?",
    "conflict": "The profile changed elsewhere. Your draft is retained. Review current state before saving.",
    "contrast": "High contrast",
    "discard": "Saving discards unavailable plugin settings",
    "down": "Move down",
    "draft": "Unsaved profile draft",
    "empty": "No visible modules. Use dashboard appearance to enable them.",
    "evidence": "Reviewed evidence",
    "failed": "Module unavailable. Retry loading.",
    "health": "Service health",
    "inheritModules": "Inherit personal modules",
    "inheritTheme": "Inherit personal theme",
    "invalid": "Choose a theme or module override, or reset the scope to inherit both fields.",
    "legacy": "Dashboard customization requires an offline server upgrade. Sessions remain available.",
    "loading": "Loading…",
    "main": "Main",
    "map": "Attention map",
    "marea": "Marea",
    "matched": "The current saved value matches your draft.",
    "personal": "Personal defaults",
    "progress": "Learning progress",
    "read": "Read current state",
    "reapply": "Keep draft against current revision",
    "recovery": "This profile needs recovery. Reset this scope to restore inherited defaults.",
    "reports": "Class reports",
    "reset": "Reset this scope",
    "retry": "Retry",
    "save": "Save",
    "scope": "Edit profile",
    "selectClass": "Select a class",
    "sessions": "Sessions and evaluation",
    "size": "Size",
    "slot": "Position",
    "standard": "Standard",
    "theme": "Theme",
    "title": "Dashboard appearance",
    "unavailable": "Dashboard preferences are unavailable. Your draft is retained. Retry reading.",
    "uncertain": "The save could not be confirmed. Readback does not replay the write. Review before continuing.",
    "up": "Move up",
    "usage": "Usage and cost",
    "visible": "Visible",
    "warning": "Some saved preferences are unavailable. Replacing this scope discards those settings.",
    "wide": "Wide",
  },
  "reviewedEvidence": {
    "blocked": "The session could not be opened. Enable Sessions and keep or discard pending drafts before navigating.",
    "confidence": "Recorded confidence",
    "criteria": "Criteria and versions",
    "denied": "Access denied. Select an authorized class or sign in again.",
    "empty": "Select a class to see reviewed evidence.",
    "error": "Reviewed evidence is unavailable. Try again.",
    "generation": "Generation",
    "high": "High",
    "history": "View evidence history",
    "loading": "Loading reviewed evidence…",
    "low": "Low",
    "meaning": "Teacher-approved observations, not a learning score. Skill versions are shown separately.",
    "medium": "Medium",
    "more": "Next page",
    "no-evidence": "No evidence",
    "none": "No approved evidence in this selection.",
    "not-passed": "Not passed",
    "older": "This session has a later approval.",
    "open": "Open source session",
    "passed": "Passed",
    "refresh": "Refresh from the first page",
    "students": "Students",
    "title": "Reviewed evidence",
    "version": "Skill version",
  },
  "session": {
    "checking": "Checking your session…",
    "heading": "Sign in",
    "intro": "Sign in with the teacher account your administrator created for you.",
    "login": "Username",
    "password": "Password",
    "problems": {
      "invalid": "The username or password is not correct.",
      "not-teacher": "This dashboard is for teachers. Students use the marea application.",
      "unavailable": "The teacher server could not be reached. Try again in a moment.",
    },
    "signOut": "Sign out",
    "signedInAs": [Function],
    "signingOut": "Signing out…",
    "submit": "Sign in",
    "submitting": "Signing in…",
  },
  "sessions": {
    "active": "Open",
    "agentEdit": "Changed during an agent operation",
    "all": "All classes",
    "any": "All sessions",
    "approval": "Authorization requested",
    "approved": "Authorized",
    "arguments": "Arguments",
    "assistant": "Marea",
    "back": "Back to sessions",
    "cancelled": "Cancelled",
    "catchingUp": "Loading recorded activity…",
    "choose": "Choose a session to follow the conversation.",
    "classLabel": "Class",
    "closed": "Finished",
    "commands": "Commands",
    "conversation": "Conversation",
    "current": "Up to date",
    "diagnostics": "Session diagnostics",
    "diagnosticsHelp": "Recorded technical activity for this session. Historical records cannot supply activity that was never captured.",
    "diff": "View diff",
    "edit": "File changed",
    "empty": "No sessions on this page.",
    "error": "Request failed. Your draft is preserved.",
    "evaluation": "Evaluation",
    "finished": "Session finished",
    "freshness": "Recorded activity updates live, with periodic recovery if the connection fails. An open session does not mean the student is online.",
    "heading": "Sessions",
    "interrupted": "Response interrupted",
    "latest": "Go to latest activity",
    "loading": "Connecting…",
    "message": "Message to the student",
    "more": "Older sessions",
    "newMessage": "New message",
    "newest": "Most recent",
    "notRetryable": "Cannot retry this turn",
    "nothing": "No recorded messages yet.",
    "opened": "Session opened",
    "output": "View output",
    "projectContext": "Project context",
    "proposed": "Proposed file content",
    "published": "Published · awaiting receipt",
    "questions": "Questions and answers",
    "received": "Received by the student application",
    "reconcile": "Check publication",
    "refresh": "Refresh",
    "rejected": "Rejected",
    "retry": "Retry the same message",
    "retryable": "Retry available",
    "search": "Find a student or project",
    "send": "Send message",
    "skillsRead": "Skills read",
    "stale": "Connection lost · retrying",
    "startup": "Tutor preparation",
    "student": "Student",
    "studentEdit": "Written by the student",
    "toolFailed": "Tool failed",
    "toolResult": "Tool result",
    "truncated": "Content truncated",
    "turnEnded": "Turn finished",
    "turnFailed": "Turn failed",
    "uncertain": "Publication could not be confirmed. Check before retrying; the same message will not be published twice.",
    "unknownEdit": "Changes recovered after interruption · authorship uncertain",
    "writes": "Writes requested",
  },
  "teaching": {
    "acceptCurrent": "Accept current configuration",
    "automaticEvaluation": "Automatic evaluation",
    "automaticEvaluationNote": "Automatic evaluation stays off without a selected evaluation method.",
    "busy": "Working…",
    "chooseClass": "Choose a class to read or create its teaching configuration.",
    "classSelector": "Class",
    "classesEmpty": "No classes are assigned to you yet.",
    "classesError": "Classes could not be loaded.",
    "classesHeading": "Classes",
    "classesLoading": "Loading classes…",
    "currentValues": "Persisted values (read-only)",
    "description": "Description",
    "didacticCap": "Up to 64 didactic skills can be selected.",
    "didacticLegend": "Didactic skills",
    "digest": "Digest",
    "discardDraft": "Discard draft and keep current",
    "evaluationLegend": "Evaluation methods",
    "firstConfiguration": "First configuration: nothing is saved for this class yet.",
    "freeInstructions": "Free mode instructions",
    "freeModeNote": "Free mode excludes didactic startup and materialization but keeps normal tool permissions.",
    "heading": "Class teaching configuration",
    "instructionsNote": "Edit the complete instructions for each mode; neither field can be empty. Restoring defaults only changes this draft; save to apply it to new sessions. Tool permissions and safety rules remain enforced separately.",
    "modeLabel": "Agent mode",
    "modes": {
      "free": "Free mode",
      "tutoring": "Guided tutoring",
    },
    "noCurrent": "No configuration is saved for this class yet.",
    "noDraft": "Reading the configuration…",
    "operatorWarning": "Operator prerequisites are missing. Reading is allowed but saving is blocked.",
    "problems": {
      "conflict": "The saved configuration changed while you were editing.",
      "forbidden": "You do not have access to this class.",
      "invalid": "The server rejected the request as invalid.",
      "load": "Classes could not be loaded.",
      "skill-unavailable": "A selected skill is unavailable or stale on the server.",
      "uncertain": "The save outcome is unknown. Your draft is preserved.",
      "unconfigured": "Operator prerequisites are not configured for this deployment.",
    },
    "recoveryHeading": "Recovery: current saved configuration",
    "recoveryNote": "Your draft is preserved next to the current saved values. Nothing is overwritten automatically.",
    "reloadClasses": "Reload classes",
    "reloadCurrent": "Reload current configuration",
    "remove": "Remove",
    "reselect": "Reselect this version",
    "restoreFree": "Restore free mode defaults",
    "restoreTutoring": "Restore guided mode defaults",
    "save": "Save configuration",
    "saveBlocked": "Save configuration (blocked)",
    "saveNote": "Saves affect new sessions only; already-open snapshots keep their frozen configuration.",
    "savedVersion": [Function],
    "skillCurrent": "Current version",
    "skillMissing": "Missing selection: this version is not in the current catalog.",
    "skillStale": "Stale selection: the saved digest differs from this version.",
    "source": "Source",
    "switchCancel": "Cancel",
    "switchDiscard": "Discard draft and switch",
    "switchPrompt": [Function],
    "tutoringInstructions": "Guided mode instructions",
  },
  "usage": {
    "apply": "Show period",
    "basis": "Token basis",
    "breached": "Over limit",
    "complete": "Every attempt on this page has a price.",
    "cost": "Cost",
    "costUnavailable": "No price",
    "created": "Created",
    "denied": "Access denied. Sign in again or select an authorized class.",
    "empty": "Select a class to see its usage.",
    "error": "Usage is unavailable. Try again.",
    "evaluation": "Evaluation",
    "from": "From",
    "inputTokens": "Input tokens",
    "invalidRange": "Choose a start date on or before the end date, spanning at most 31 days.",
    "loading": "Loading usage…",
    "next": "Next page",
    "none": "No attempts in this period.",
    "outputTokens": "Output tokens",
    "page": "Page",
    "partial": "Some attempts on this page have no price, so no total is shown.",
    "previous": "Previous page",
    "purpose": "Purpose",
    "refresh": "Refresh usage",
    "reported": "Reported by provider",
    "reservation": "Reservation estimate",
    "reserved": "Reserved",
    "scope": "Figures describe only the attempts on this page. They are not a class total.",
    "settled": "Settled",
    "state": "State",
    "title": "Usage and cost",
    "to": "To (inclusive)",
    "tutoring": "Tutoring",
    "unavailable": "Pricing is unavailable for this page.",
    "unknown": "Unknown",
  },
}
`;

exports[`dashboard localization catalogs > publishes every module catalog in es 1`] = `
{
  "authoring": {
    "acceptReadback": "Aceptar la lectura actual",
    "busy": "Procesando…",
    "cancelImport": "Cancelar importación",
    "cancelNavigation": "Seguir editando",
    "catalogEmpty": "Esta clase no tiene skills disponibles.",
    "catalogHeading": "Catálogo autorizado",
    "catalogLoading": "Cargando el catálogo de la clase…",
    "chooseClass": "Elige una clase para consultar su catálogo autorizado.",
    "chooseSkill": "Elige una skill del catálogo o inicia un borrador personal.",
    "classSelector": "Clase",
    "classesEmpty": "Todavía no tienes clases asignadas.",
    "classesHeading": "Clases autorizadas",
    "classesLoading": "Cargando las clases autorizadas…",
    "copy": "Copiar a skill personal",
    "copyBlocked": "Copiar a skill personal (bloqueado)",
    "copyHint": "La copia conserva todos los archivos relativos canónicos y usa un slug personal nuevo.",
    "copySource": [Function],
    "destinationSlug": "Slug de destino",
    "didactic": "Didáctica",
    "digest": "Digest cargado",
    "dirtyNote": "Los cambios sin guardar se conservan hasta que los guardes o descartes explícitamente.",
    "discardAndNavigate": "Descartar cambios y navegar",
    "draftContent": "Contenido del borrador sin guardar",
    "editable": "Skill personal editable",
    "editorHeading": "Archivos de la skill",
    "errors": {
      "conflict": "La skill personal cambió mientras editabas.",
      "forbidden": "No tienes acceso a esta clase o skill.",
      "invalid": "El servidor ha rechazado la solicitud de edición por no ser válida.",
      "load": "No se han podido cargar los datos de edición.",
      "skill-unavailable": "La skill seleccionada no está disponible o está desactualizada.",
      "uncertain": "El resultado del guardado es desconocido. Tu borrador se conserva; léelo antes de decidir.",
    },
    "evaluation": "Evaluación",
    "exportDraft": [Function],
    "exportSaved": [Function],
    "fileContent": "Texto del archivo",
    "fileError": "No se han podido importar o exportar los archivos seleccionados.",
    "filePath": "Ruta relativa del archivo",
    "heading": "Edición de skills",
    "importDirectory": "Importar directorio",
    "importFiles": "Importar archivos explícitos",
    "importHint": "Importa archivos de texto UTF-8 completos y sustituye los archivos del borrador.",
    "importPendingHeading": "¿Sustituir los archivos del borrador?",
    "importPendingNote": "Los archivos seleccionados sustituirán la lista actual del borrador.",
    "importReplace": "Sustituir archivos del borrador",
    "kind": "Tipo",
    "mainFile": "SKILL.md canónico",
    "newPersonal": "Crear o abrir skill personal",
    "noDraft": "No hay ningún borrador personal abierto.",
    "noSkill": "Esta skill personal todavía no existe; inicia un borrador abajo.",
    "pendingHeading": "Confirmar navegación",
    "pendingPrompt": [Function],
    "personalHeading": "Skill personal",
    "personalSlug": "Slug personal",
    "readonly": "Skill del catálogo de solo lectura",
    "readonlyNote": "El contenido del catálogo es de solo lectura. Cópialo para editar una versión personal.",
    "recoveryHeading": "Lectura de recuperación",
    "recoveryNote": "El contenido personal actual se muestra sin sustituir tu borrador. Acéptalo explícitamente antes de volver a editar.",
    "reload": "Recargar contenido personal",
    "reloadCatalog": "Recargar catálogo",
    "reloadClasses": "Recargar clases",
    "removeFile": "Quitar archivo",
    "resourceFile": "Archivo de recursos",
    "save": "Guardar skill personal",
    "saveBlocked": "Guardar skill personal (bloqueado)",
    "savedContent": "Contenido canónico guardado",
    "skillIdentity": "Identidad de la skill",
    "slug": "Slug",
    "source": "Fuente",
    "startPersonal": "Abrir skill personal",
    "status": {
      "current": "Actual",
      "missing": "Ausente",
      "stale": "Desactualizada",
    },
    "validate": "Validar borrador",
    "validationSuccess": "El borrador es válido y todavía no se ha publicado.",
  },
  "evaluation": {
    "approve": "Aprobar y enviar feedback",
    "approved": "Aprobada y enviada",
    "busy": "Procesando…",
    "choose": "Selecciona una sesión cerrada para revisar sus evidencias y evaluación.",
    "confidence": "Confianza",
    "confidences": {
      "high": "Alta",
      "low": "Baja",
      "medium": "Media",
    },
    "criteria": "Valoración privada de criterios",
    "difficulties": "Dificultades privadas (una por línea)",
    "draft": "Borrador — requiere revisión docente",
    "empty": "No hay sesiones cerradas en esta página.",
    "error": "No se ha podido confirmar la operación. Reintenta o recarga para comprobar el estado en el servidor.",
    "evidence": "Evidencias canónicas",
    "explanation": "Evidencia",
    "failed": "Generación fallida",
    "failures": {
      "inference-failed": "La petición al modelo falló o superó su presupuesto.",
      "input-too-large": "La sesión congelada supera el límite de tamaño de evaluación.",
      "interrupted": "La generación se interrumpió. Reintentar requiere un nuevo borrador.",
      "invalid-draft": "La respuesta del modelo no cumple el contrato de evaluación.",
      "unconfigured": "La ruta o el presupuesto de evaluación capturados no están disponibles.",
    },
    "frozen": "Entrada congelada",
    "generate": "Generar nuevo borrador",
    "generation": "Generación",
    "heading": "Evaluación de sesiones",
    "learningNote": "Síntesis para el tutor",
    "load": "Cargar sesiones",
    "method": "Método de evaluación",
    "more": "Sesiones anteriores",
    "moreEvidence": "Siguiente página de evidencias",
    "noDraft": "Todavía no hay evaluación. Se generará con la sesión congelada y su presupuesto independiente de evaluación.",
    "privacy": "Solo se envía el feedback revisado para el alumno. Las notas, dificultades y criterios permanecen privados.",
    "private": "Nota privada del docente",
    "public": "Feedback que recibirá el alumno",
    "queued": "En cola",
    "refresh": "Recargar revisión (descartar cambios locales)",
    "result": "Resultado",
    "results": {
      "no-evidence": "Sin evidencia",
      "not-passed": "No cumplido",
      "passed": "Cumplido",
    },
    "retry": "Reintentar la misma solicitud",
    "review": "Contenido de evaluación",
    "running": "Generando — recarga para consultar el progreso",
    "select": "Revisar",
    "sessions": "Sesiones cerradas",
  },
  "governance": {
    "acceptReadback": "Usar la versión del servidor",
    "accounts": "Cuentas",
    "activate": "Añadir o reactivar",
    "agentMode": "Modo del agente",
    "authority": "El servidor vuelve a comprobar cada acción. Los ajustes privados del operador no se gestionan aquí.",
    "busy": "Procesando…",
    "cancel": "Cancelar vista previa",
    "centers": "Centros",
    "classId": "ID de clase",
    "classes": "Clases",
    "clearPackage": "Quitar paquete",
    "confirm": "Confirmar importación",
    "create": "Crear",
    "disable": "Desactivar",
    "discardAndSwitch": "Cambiar",
    "dismiss": "Descartar",
    "displayName": "Nombre visible",
    "enable": "Activar",
    "exchange": "Intercambio de clase",
    "expired": "Esta vista previa ha caducado. Vuelve a previsualizar antes de confirmar.",
    "expiresAt": [Function],
    "export": "Exportar",
    "exported": "Paquete exportado",
    "heading": "Administración del centro",
    "importText": "Paquete para importar",
    "initialClass": "Clase inicial",
    "instructions": "Instrucciones",
    "login": "Usuario de acceso",
    "member": "Cuenta",
    "membershipStates": {
      "active": "Activa",
      "revoked": "Revocada",
    },
    "memberships": "Membresías",
    "noClass": "Ninguna",
    "pendingCreates": "Creaciones sin confirmar",
    "pendingSwitch": "Tienes trabajo sin guardar aquí. ¿Ocultarlo y cambiar?",
    "preservesPolicy": "Se conserva la política de evaluación de la clase de destino.",
    "preview": "Previsualizar importación",
    "previewHeading": "Vista previa de la importación",
    "problems": {
      "conflict": "Otra persona cambió estos datos antes. Recarga, revisa y vuelve a intentarlo.",
      "forbidden": "Ya no tienes acceso de administración. Vuelve a iniciar sesión.",
      "invalid": "La petición o la respuesta del servidor no es válida para esta selección.",
      "load": "No se ha podido contactar con el servidor. Recarga para comprobar el estado actual.",
      "skill-unavailable": "Una habilidad seleccionada no está disponible en este centro.",
      "uncertain": "No se ha podido confirmar el resultado. Recarga para comprobarlo antes de repetir.",
      "unconfigured": "El operador de la instalación aún no ha configurado esta clase.",
    },
    "reload": "Recargar",
    "rename": "Guardar nombre",
    "resume": "Mostrar",
    "retry": "Reintentar",
    "revisionMissing": "Esta clase aún no tiene revisión docente.",
    "revoke": "Revocar",
    "revokeSessions": "Cerrar sesiones",
    "revokedAt": [Function],
    "role": "Rol",
    "roles": {
      "student": "Estudiante",
      "teacher": "Docente",
    },
    "select": "Abrir",
    "selection": [Function],
    "serverVersion": [Function],
    "stage": "Preparar paquete",
    "state": "Estado",
    "states": {
      "active": "Activa",
      "disabled": "Desactivada",
      "pending": "Credencial pendiente",
    },
    "stay": "Quedarse",
    "unreviewed": "Vuelve a previsualizar en esta sesión antes de confirmar.",
    "userId": "ID de usuario",
  },
  "health": {
    "available": "Disponible",
    "checked": "Comprobado",
    "denied": "Acceso denegado. Inicia sesión de nuevo o selecciona una clase autorizada.",
    "empty": "Selecciona una clase para ver el estado del servicio.",
    "error": "El estado del servicio no está disponible. Inténtalo de nuevo.",
    "inference": "Modelo de tutoría",
    "inferenceNote": "Este servidor no comprueba el servicio del modelo. Tener un proveedor configurado no prueba que responda.",
    "loading": "Cargando el estado del servicio…",
    "meaning": "Disponible y obsoleto describen la última observación que tiene este servidor. Desconocido significa que no se ha medido.",
    "notObserved": "Sin observación",
    "observed": "Última observación",
    "refresh": "Actualizar estado",
    "stale": "Obsoleto",
    "staleAfter": "Las observaciones con más de {minutes} minutos son obsoletas.",
    "storage": "Almacenamiento de datos de la clase",
    "telemetryDelivery": "Entrega de telemetría",
    "telemetryNote": "La entrega no está confirmada. Tener telemetría configurada no prueba que los datos hayan llegado.",
    "title": "Estado del servicio",
    "unknown": "Desconocido",
    "usageLedger": "Registros de uso",
  },
  "insights": {
    "adaptationNote": "Los cambios se aplican a nuevas sesiones de tutoría. Los ajustes manuales impiden que sesiones anteriores hagan avanzar estos criterios.",
    "affected": "Afectados / evaluables",
    "all": "Todos",
    "approved": "Aprobada",
    "back": "Volver",
    "budget": "Presupuesto de análisis",
    "cancel": "Cancelar",
    "cancelled": "Cancelado",
    "complete": "Completo",
    "confidence": "Confianza",
    "confirmReset": "¿Reiniciar todos los criterios de esta skill?",
    "custom": "Personalizado",
    "date": "Fecha",
    "days7": "7 días",
    "disabled": "Desactivado para esta clase",
    "disconnected": "Desconectado",
    "download": "Descargar HTML",
    "empty": "No hay registros en esta selección",
    "enableAdaptive": "Adaptar el tutor al progreso revisado",
    "enableMap": "Activar mapa de atención",
    "error": "La operación ha fallado. Actualiza y vuelve a intentarlo.",
    "evidence": "Evidencias",
    "failed": "Fallido",
    "from": "Desde",
    "generate": "Generar informe",
    "green": "Progresa",
    "high": "Confianza alta",
    "history": "Historial",
    "hours24": "24 horas",
    "hours6": "6 horas",
    "hours72": "72 horas",
    "interrupted": "Interrumpido",
    "invalidated": "Evidencias eliminadas",
    "level": "Nivel",
    "loading": "Cargando…",
    "low": "Confianza baja",
    "map": "Mapa de atención",
    "mapNote": "Las estimaciones de atención no son calificaciones. El silencio por sí solo no indica dificultad.",
    "medium": "Confianza media",
    "more": "Más",
    "noProgress": "Todavía no hay criterios capturados en una sesión adaptativa de este alumno.",
    "oldDefinition": "Se conservan las definiciones históricas",
    "partial": "Informe parcial: algunas evidencias no pudieron analizarse",
    "pending": "Pendiente de análisis",
    "period": "Periodo",
    "progress": "Progreso educativo",
    "provisional": "Provisional",
    "queued": "En cola",
    "reason": "Motivo",
    "reasonRequired": "Es necesario indicar un motivo",
    "red": "Necesita atención",
    "refresh": "Actualizar",
    "reportNote": "Los análisis provisionales no aprueban evaluaciones ni modifican el progreso.",
    "reports": "Informes de clase",
    "requests": "Consultas",
    "resetSkill": "Reiniciar skill",
    "retry": "Nuevo intento",
    "running": "Analizando",
    "save": "Guardar",
    "selectClass": "Selecciona una clase",
    "selectStudent": "Selecciona un alumno",
    "session": "Abrir sesión",
    "setLevel": "Fijar nivel",
    "settings": "Herramientas educativas",
    "skill": "Skill",
    "success": "Guardado",
    "target": "Objetivo",
    "teacher": "Profesor",
    "to": "Hasta",
    "tokens": "Tokens",
    "unavailable": "No disponible",
    "unconfigured": "Un administrador debe configurar el modelo y el presupuesto.",
    "yellow": "Conviene observar",
  },
  "interpolated": {
    "copySource": "Origen de copia skill:one",
    "expiresAt": "Caduca a las 2026-09-21T12:00:00Z",
    "exportDraft": "Exportar out del borrador",
    "exportSaved": "Exportar out guardado",
    "pendingPrompt": "¿Cambiar a Physics? Se perderán los cambios sin guardar.",
    "revokedAt": "Sesiones cerradas a las 2026-09-21T11:00:00Z",
    "savedVersion": "Versión guardada v1",
    "selection": "1 habilidades didácticas y 2 de evaluación",
    "serverVersion": "Fila del servidor: v1",
    "signedInAs": "Sesión iniciada como Ada",
    "switchPrompt": "¿Cambiar a Physics? Los cambios sin guardar se perderán.",
  },
  "profile": {
    "accept": "Aceptar estado actual",
    "aside": "Lateral",
    "catalog": "Esta página usa otra versión de complementos. Se conserva tu borrador. Recarga después de anotar el borrador.",
    "classOverride": "Mi vista de clase",
    "compact": "Compacto",
    "confirm": "¿Salir de esta sesión y descartar su revisión o aviso sin guardar?",
    "confirmReset": "¿Restablecer este ámbito del perfil?",
    "conflict": "El perfil cambió en otra pestaña. Se conserva tu borrador. Revisa el estado actual antes de guardar.",
    "contrast": "Alto contraste",
    "discard": "Guardar descarta los ajustes de complementos no disponibles",
    "down": "Bajar",
    "draft": "Borrador de perfil sin guardar",
    "empty": "No hay módulos visibles. Actívalos en el aspecto del panel.",
    "evidence": "Evidencias revisadas",
    "failed": "Módulo no disponible. Reintenta la carga.",
    "health": "Estado del servicio",
    "inheritModules": "Heredar módulos personales",
    "inheritTheme": "Heredar tema personal",
    "invalid": "Elige un tema o módulos propios, o restablece el ámbito para heredar ambos campos.",
    "legacy": "La personalización del panel requiere actualizar el servidor sin conexión. Las sesiones siguen disponibles.",
    "loading": "Cargando…",
    "main": "Principal",
    "map": "Mapa de atención",
    "marea": "Marea",
    "matched": "El valor guardado actual coincide con tu borrador.",
    "personal": "Preferencias personales",
    "progress": "Progreso educativo",
    "read": "Leer estado actual",
    "reapply": "Conservar borrador sobre la revisión actual",
    "recovery": "Este perfil necesita recuperación. Restablece este ámbito para recuperar las preferencias heredadas.",
    "reports": "Informes de clase",
    "reset": "Restablecer este ámbito",
    "retry": "Reintentar",
    "save": "Guardar",
    "scope": "Editar perfil",
    "selectClass": "Selecciona una clase",
    "sessions": "Sesiones y evaluación",
    "size": "Tamaño",
    "slot": "Posición",
    "standard": "Estándar",
    "theme": "Tema",
    "title": "Aspecto del panel",
    "unavailable": "Las preferencias del panel no están disponibles. Se conserva tu borrador. Reintenta la consulta.",
    "uncertain": "No se pudo confirmar el guardado. La consulta no repite la escritura. Revisa antes de continuar.",
    "up": "Subir",
    "usage": "Uso y coste",
    "visible": "Visible",
    "warning": "Algunas preferencias guardadas no están disponibles. Sustituir este ámbito descarta esos ajustes.",
    "wide": "Amplio",
  },
  "reviewedEvidence": {
    "blocked": "No se ha podido abrir la sesión. Activa Sesiones y conserva o descarta los borradores pendientes antes de navegar.",
    "confidence": "Confianza registrada",
    "criteria": "Criterios y versiones",
    "denied": "Acceso denegado. Selecciona una clase autorizada o inicia sesión de nuevo.",
    "empty": "Selecciona una clase para ver las evidencias revisadas.",
    "error": "Las evidencias revisadas no están disponibles. Inténtalo de nuevo.",
    "generation": "Generación",
    "high": "Alta",
    "history": "Ver historial de evidencias",
    "loading": "Cargando evidencias revisadas…",
    "low": "Baja",
    "meaning": "Observaciones aprobadas por el docente, no una puntuación de aprendizaje. Las versiones de las habilidades se muestran por separado.",
    "medium": "Media",
    "more": "Página siguiente",
    "no-evidence": "Sin evidencia",
    "none": "No hay evidencias aprobadas en esta selección.",
    "not-passed": "No superado",
    "older": "Esta sesión tiene una aprobación posterior.",
    "open": "Abrir sesión de origen",
    "passed": "Superado",
    "refresh": "Actualizar desde la primera página",
    "students": "Alumnos",
    "title": "Evidencias revisadas",
    "version": "Versión de la habilidad",
  },
  "session": {
    "checking": "Comprobando tu sesión…",
    "heading": "Iniciar sesión",
    "intro": "Inicia sesión con la cuenta de docente que te ha creado la administración.",
    "login": "Usuario",
    "password": "Contraseña",
    "problems": {
      "invalid": "El usuario o la contraseña no son correctos.",
      "not-teacher": "Este panel es para docentes. El alumnado usa la aplicación marea.",
      "unavailable": "No se ha podido contactar con el servidor docente. Inténtalo de nuevo en un momento.",
    },
    "signOut": "Cerrar sesión",
    "signedInAs": [Function],
    "signingOut": "Cerrando sesión…",
    "submit": "Iniciar sesión",
    "submitting": "Iniciando sesión…",
  },
  "sessions": {
    "active": "Abierta",
    "agentEdit": "Cambios durante una operación del agente",
    "all": "Todas las clases",
    "any": "Todas las sesiones",
    "approval": "Autorización solicitada",
    "approved": "Autorizado",
    "arguments": "Argumentos",
    "assistant": "Marea",
    "back": "Volver a las sesiones",
    "cancelled": "Canceladas",
    "catchingUp": "Cargando actividad registrada…",
    "choose": "Selecciona una sesión para seguir la conversación.",
    "classLabel": "Clase",
    "closed": "Finalizada",
    "commands": "Comandos",
    "conversation": "Conversación",
    "current": "Actualizado",
    "diagnostics": "Diagnóstico de la sesión",
    "diagnosticsHelp": "Actividad técnica registrada en esta sesión. Los registros históricos no permiten recuperar actividad que nunca se capturó.",
    "diff": "Ver diff",
    "edit": "Archivo modificado",
    "empty": "No hay sesiones en esta página.",
    "error": "La petición ha fallado. Tu borrador se conserva.",
    "evaluation": "Evaluación",
    "finished": "Sesión finalizada",
    "freshness": "La actividad registrada se actualiza en vivo, con recuperación periódica si falla la conexión. Una sesión abierta no significa que el estudiante esté conectado.",
    "heading": "Sesiones",
    "interrupted": "Respuesta interrumpida",
    "latest": "Ir a la actividad más reciente",
    "loading": "Conectando…",
    "message": "Mensaje al estudiante",
    "more": "Sesiones anteriores",
    "newMessage": "Nuevo mensaje",
    "newest": "Más recientes",
    "notRetryable": "No se puede reintentar este turno",
    "nothing": "Todavía no hay mensajes registrados.",
    "opened": "Sesión abierta",
    "output": "Ver output",
    "projectContext": "Contexto del proyecto",
    "proposed": "Contenido propuesto del archivo",
    "published": "Publicado · pendiente de recepción",
    "questions": "Preguntas y respuestas",
    "received": "Recibido por la aplicación del estudiante",
    "reconcile": "Comprobar publicación",
    "refresh": "Actualizar",
    "rejected": "Rechazado",
    "retry": "Reintentar el mismo mensaje",
    "retryable": "Se puede reintentar",
    "search": "Buscar estudiante o proyecto",
    "send": "Enviar mensaje",
    "skillsRead": "Skills leídas",
    "stale": "Sin conexión · reintentando",
    "startup": "Preparación del tutor",
    "student": "Estudiante",
    "studentEdit": "Lo ha escrito el estudiante",
    "toolFailed": "Error de herramienta",
    "toolResult": "Resultado de herramienta",
    "truncated": "Contenido recortado",
    "turnEnded": "Turno terminado",
    "turnFailed": "Fallo del turno",
    "uncertain": "No se pudo confirmar la publicación. Comprueba antes de reintentar; el mismo mensaje no se publicará dos veces.",
    "unknownEdit": "Cambios recuperados tras una interrupción · autoría incierta",
    "writes": "Escrituras solicitadas",
  },
  "teaching": {
    "acceptCurrent": "Aceptar la configuración actual",
    "automaticEvaluation": "Evaluación automática",
    "automaticEvaluationNote": "La evaluación automática permanece desactivada sin un método de evaluación seleccionado.",
    "busy": "Procesando…",
    "chooseClass": "Elige una clase para leer o crear su configuración docente.",
    "classSelector": "Clase",
    "classesEmpty": "Todavía no tienes clases asignadas.",
    "classesError": "No se han podido cargar las clases.",
    "classesHeading": "Clases",
    "classesLoading": "Cargando clases…",
    "currentValues": "Valores persistidos (solo lectura)",
    "description": "Descripción",
    "didacticCap": "Se pueden seleccionar hasta 64 skills didácticas.",
    "didacticLegend": "Skills didácticas",
    "digest": "Digest",
    "discardDraft": "Descartar borrador y quedarse con la actual",
    "evaluationLegend": "Métodos de evaluación",
    "firstConfiguration": "Primera configuración: todavía no hay nada guardado para esta clase.",
    "freeInstructions": "Instrucciones del modo libre",
    "freeModeNote": "El modo libre omite el arranque y la materialización didácticos, pero conserva los permisos normales de herramientas.",
    "heading": "Configuración docente de la clase",
    "instructionsNote": "Edita las instrucciones completas de cada modo; ninguno de los dos campos puede quedar vacío. Restaurar los valores predeterminados solo cambia este borrador; guarda para aplicarlo a sesiones nuevas. Los permisos de herramientas y las reglas de seguridad se mantienen por separado.",
    "modeLabel": "Modo del agente",
    "modes": {
      "free": "Modo libre",
      "tutoring": "Tutoría guiada",
    },
    "noCurrent": "Todavía no hay configuración guardada para esta clase.",
    "noDraft": "Leyendo la configuración…",
    "operatorWarning": "Faltan prerrequisitos de operador. Se puede leer, pero el guardado está bloqueado.",
    "problems": {
      "conflict": "La configuración guardada ha cambiado mientras editabas.",
      "forbidden": "No tienes acceso a esta clase.",
      "invalid": "El servidor ha rechazado la solicitud por no ser válida.",
      "load": "No se han podido cargar las clases.",
      "skill-unavailable": "Una skill seleccionada no está disponible o está desactualizada.",
      "uncertain": "El resultado del guardado es desconocido. Tu borrador se conserva.",
      "unconfigured": "Los prerrequisitos de operador no están configurados en este despliegue.",
    },
    "recoveryHeading": "Recuperación: configuración guardada actual",
    "recoveryNote": "Tu borrador se conserva junto a los valores guardados actuales. Nada se sobrescribe automáticamente.",
    "reloadClasses": "Recargar clases",
    "reloadCurrent": "Recargar configuración actual",
    "remove": "Quitar",
    "reselect": "Reseleccionar esta versión",
    "restoreFree": "Restaurar instrucciones del modo libre",
    "restoreTutoring": "Restaurar instrucciones del modo guiado",
    "save": "Guardar configuración",
    "saveBlocked": "Guardar configuración (bloqueado)",
    "saveNote": "Los guardados afectan solo a las sesiones nuevas; las sesiones ya abiertas conservan su configuración congelada.",
    "savedVersion": [Function],
    "skillCurrent": "Versión actual",
    "skillMissing": "Selección ausente: esta versión no está en el catálogo actual.",
    "skillStale": "Selección desactualizada: el digest guardado difiere de esta versión.",
    "source": "Fuente",
    "switchCancel": "Cancelar",
    "switchDiscard": "Descartar el borrador y cambiar",
    "switchPrompt": [Function],
    "tutoringInstructions": "Instrucciones del modo guiado",
  },
  "usage": {
    "apply": "Mostrar periodo",
    "basis": "Base de tokens",
    "breached": "Por encima del límite",
    "complete": "Todos los intentos de esta página tienen precio.",
    "cost": "Coste",
    "costUnavailable": "Sin precio",
    "created": "Creado",
    "denied": "Acceso denegado. Inicia sesión de nuevo o selecciona una clase autorizada.",
    "empty": "Selecciona una clase para ver su uso.",
    "error": "El uso no está disponible. Inténtalo de nuevo.",
    "evaluation": "Evaluación",
    "from": "Desde",
    "inputTokens": "Tokens de entrada",
    "invalidRange": "Elige una fecha de inicio anterior o igual a la de fin, con un máximo de 31 días.",
    "loading": "Cargando uso…",
    "next": "Página siguiente",
    "none": "No hay intentos en este periodo.",
    "outputTokens": "Tokens de salida",
    "page": "Página",
    "partial": "Algunos intentos de esta página no tienen precio, así que no se muestra un total.",
    "previous": "Página anterior",
    "purpose": "Finalidad",
    "refresh": "Actualizar uso",
    "reported": "Informado por el proveedor",
    "reservation": "Estimación de la reserva",
    "reserved": "Reservado",
    "scope": "Las cifras describen solo los intentos de esta página. No son un total de la clase.",
    "settled": "Liquidado",
    "state": "Estado",
    "title": "Uso y coste",
    "to": "Hasta (incluido)",
    "tutoring": "Tutoría",
    "unavailable": "Los precios no están disponibles para esta página.",
    "unknown": "Desconocido",
  },
}
`;

exports[`dashboard localization catalogs > publishes every module catalog in eu 1`] = `
{
  "authoring": {
    "acceptReadback": "Onartu uneko irakurketa",
    "busy": "Lanean…",
    "cancelImport": "Utzi inportazioa",
    "cancelNavigation": "Jarraitu editatzen",
    "catalogEmpty": "Ikasgela honek ez du skill erabilgarririk.",
    "catalogHeading": "Baimendutako katalogoa",
    "catalogLoading": "Ikasgelako katalogoa kargatzen…",
    "chooseClass": "Aukeratu ikasgela haren skill-katalogo baimendua arakatzeko.",
    "chooseSkill": "Aukeratu katalogoko skill bat edo hasi zirriborro pertsonal bat.",
    "classSelector": "Ikasgela",
    "classesEmpty": "Oraindik ez zaizu ikasgelarik esleitu.",
    "classesHeading": "Baimendutako ikasgelak",
    "classesLoading": "Baimendutako ikasgelak kargatzen…",
    "copy": "Kopiatu skill pertsonalera",
    "copyBlocked": "Kopiatu skill pertsonalera (blokeatuta)",
    "copyHint": "Kopiak fitxategi erlatibo kanoniko guztiak mantentzen ditu eta slug pertsonal berria erabiltzen du.",
    "copySource": [Function],
    "destinationSlug": "Helmugako slug-a",
    "didactic": "Didaktikoa",
    "digest": "Kargatutako digest-a",
    "dirtyNote": "Gorde gabeko aldaketak mantendu egingo dira zuk berariaz gorde edo baztertu arte.",
    "discardAndNavigate": "Baztertu edizioak eta nabigatu",
    "draftContent": "Gorde gabeko zirriborro-edukia",
    "editable": "Skill pertsonal editagarria",
    "editorHeading": "Skill-aren fitxategiak",
    "errors": {
      "conflict": "Skill pertsonala aldatu egin da editatzen ari zinela.",
      "forbidden": "Ez duzu ikasgela edo skill honetarako sarbiderik.",
      "invalid": "Zerbitzariak edizio-eskaera baliogabetzat baztertu du.",
      "load": "Ezin izan dira edizio-datuak kargatu.",
      "skill-unavailable": "Hautatutako skill-a ez dago erabilgarri edo zaharkituta dago.",
      "uncertain": "Idazketaren emaitza ezezaguna da. Zure zirriborroa mantendu da; irakurri berriro erabaki aurretik.",
    },
    "evaluation": "Ebaluazioa",
    "exportDraft": [Function],
    "exportSaved": [Function],
    "fileContent": "Fitxategiaren testua",
    "fileError": "Ezin izan dira hautatutako fitxategiak inportatu edo esportatu.",
    "filePath": "Fitxategiaren bide erlatiboa",
    "heading": "Skill-en edizioa",
    "importDirectory": "Inportatu direktorioa",
    "importFiles": "Inportatu fitxategi zehatzak",
    "importHint": "UTF-8 testu-fitxategi osoak inportatzen ditu eta uneko zirriborroko fitxategiak ordezten ditu.",
    "importPendingHeading": "Ordeztu zirriborroko fitxategiak?",
    "importPendingNote": "Hautatutako fitxategiek uneko zirriborro-fitxategien zerrenda ordeztuko dute.",
    "importReplace": "Ordeztu zirriborroko fitxategiak",
    "kind": "Mota",
    "mainFile": "SKILL.md kanonikoa",
    "newPersonal": "Sortu edo ireki skill pertsonala",
    "noDraft": "Ez dago zirriborro pertsonalik irekita.",
    "noSkill": "Skill pertsonal hau ez da oraindik existitzen; hasi zirriborro berria behean.",
    "pendingHeading": "Berretsi nabigazioa",
    "pendingPrompt": [Function],
    "personalHeading": "Skill pertsonala",
    "personalSlug": "Slug pertsonala",
    "readonly": "Katalogoko skill-a (irakurtzeko soilik)",
    "readonlyNote": "Katalogoko edukia irakurtzeko soilik da. Kopiatu bertsio pertsonala editatzeko.",
    "recoveryHeading": "Berreskuratze-irakurketa",
    "recoveryNote": "Uneko eduki pertsonala zure zirriborroa ordeztu gabe erakusten da. Onartu berariaz edizioak berriro aplikatu aurretik.",
    "reload": "Birkargatu eduki pertsonala",
    "reloadCatalog": "Birkargatu katalogoa",
    "reloadClasses": "Birkargatu ikasgelak",
    "removeFile": "Kendu fitxategia",
    "resourceFile": "Baliabide-fitxategia",
    "save": "Gorde skill pertsonala",
    "saveBlocked": "Gorde skill pertsonala (blokeatuta)",
    "savedContent": "Gordetako eduki kanonikoa",
    "skillIdentity": "Skill-aren identitatea",
    "slug": "Slug-a",
    "source": "Iturria",
    "startPersonal": "Ireki skill pertsonala",
    "status": {
      "current": "Unekoa",
      "missing": "Falta",
      "stale": "Zaharkitua",
    },
    "validate": "Balidatu zirriborroa",
    "validationSuccess": "Zirriborroa baliozkoa da eta ez da argitaratu.",
  },
  "evaluation": {
    "approve": "Onartu eta bidali feedbacka",
    "approved": "Onartuta eta bidalita",
    "busy": "Lanean…",
    "choose": "Aukeratu itxitako saio bat haren ebidentzia eta ebaluazioa berrikusteko.",
    "confidence": "Konfiantza",
    "confidences": {
      "high": "Altua",
      "low": "Baxua",
      "medium": "Ertaina",
    },
    "criteria": "Irizpideen balorazio pribatua",
    "difficulties": "Zailtasun pribatuak (bat lerroko)",
    "draft": "Zirriborroa — irakaslearen berrikuspena behar du",
    "empty": "Ez dago itxitako saiorik orri honetan.",
    "error": "Ezin izan da eragiketa berretsi. Saiatu berriro edo freskatu zerbitzariaren egoera egiaztatzeko.",
    "evidence": "Ebidentzia kanonikoa",
    "explanation": "Ebidentzia",
    "failed": "Sorkuntzak huts egin du",
    "failures": {
      "inference-failed": "Modeloaren eskaerak huts egin du edo aurrekontua gainditu du.",
      "input-too-large": "Saio izoztuak ebaluazioaren tamaina-muga gainditzen du.",
      "interrupted": "Sorkuntza eten da. Saiakera berri batek zirriborro berria behar du.",
      "invalid-draft": "Modeloaren erantzunak ez du ebaluazio-kontratua bete.",
      "unconfigured": "Hartutako ebaluazio-bidea edo aurrekontua ez dago erabilgarri.",
    },
    "frozen": "Sarrera izoztua",
    "generate": "Sortu zirriborro berria",
    "generation": "Sorkuntza",
    "heading": "Saioen ebaluazioa",
    "learningNote": "Tutorearentzako laburpena",
    "load": "Kargatu saioak",
    "method": "Ebaluazio-metodoa",
    "more": "Saio zaharragoak",
    "moreEvidence": "Ebidentzien hurrengo orria",
    "noDraft": "Oraindik ez dago ebaluaziorik. Sorkuntzak saio izoztua eta ebaluazio-aurrekontu independentea erabiltzen ditu.",
    "privacy": "Berrikusitako ikasle-feedbacka baino ez da bidaltzen. Oharrak, zailtasunak eta irizpideak pribatu mantentzen dira.",
    "private": "Irakaslearen ohar pribatua",
    "public": "Ikasleak jasoko duen feedbacka",
    "queued": "Ilaran",
    "refresh": "Birkargatu berrikuspena (baztertu tokiko aldaketak)",
    "result": "Emaitza",
    "results": {
      "no-evidence": "Ebidentziarik ez",
      "not-passed": "Bete gabe",
      "passed": "Beteta",
    },
    "retry": "Saiatu eskaera berarekin berriro",
    "review": "Ebaluazio-edukia",
    "running": "Sortzen — freskatu aurrerapena egiaztatzeko",
    "select": "Berrikusi",
    "sessions": "Itxitako saioak",
  },
  "governance": {
    "acceptReadback": "Erabili zerbitzariaren bertsioa",
    "accounts": "Kontuak",
    "activate": "Gehitu edo berraktibatu",
    "agentMode": "Agente-modua",
    "authority": "Zerbitzariak ekintza guztiak berriro egiaztatzen ditu. Operadorearen ezarpen pribatuak ez dira hemen kudeatzen.",
    "busy": "Lanean…",
    "cancel": "Utzi aurrebista",
    "centers": "Zentroak",
    "classId": "Ikasgela-IDa",
    "classes": "Ikasgelak",
    "clearPackage": "Kendu paketea",
    "confirm": "Berretsi inportazioa",
    "create": "Sortu",
    "disable": "Desgaitu",
    "discardAndSwitch": "Aldatu",
    "dismiss": "Baztertu",
    "displayName": "Bistaratzeko izena",
    "enable": "Gaitu",
    "exchange": "Ikasgela-trukea",
    "expired": "Aurrebista hau iraungi da. Egin aurrebista berriro berretsi aurretik.",
    "expiresAt": [Function],
    "export": "Esportatu",
    "exported": "Esportatutako paketea",
    "heading": "Zentroaren administrazioa",
    "importText": "Inportatzeko paketea",
    "initialClass": "Hasierako ikasgela",
    "instructions": "Argibideak",
    "login": "Saioa hasteko izena",
    "member": "Kontua",
    "membershipStates": {
      "active": "Aktiboa",
      "revoked": "Indargabetuta",
    },
    "memberships": "Kide izateak",
    "noClass": "Bat ere ez",
    "pendingCreates": "Berretsi gabeko sorkuntzak",
    "pendingSwitch": "Gorde gabeko lana duzu hemen. Ezkutatu eta aldatu nahi duzu?",
    "preservesPolicy": "Helmugako ebaluazio-politika mantentzen da.",
    "preview": "Aurreikusi inportazioa",
    "previewHeading": "Inportazioaren aurrebista",
    "problems": {
      "conflict": "Beste norbaitek datu hauek aldatu ditu lehenago. Birkargatu, berrikusi eta saiatu berriro.",
      "forbidden": "Administratzaile-sarbidea ez dago erabilgarri. Hasi saioa berriro.",
      "invalid": "Eskaera edo zerbitzariaren erantzuna ez da baliozkoa hautaketa honetarako.",
      "load": "Ezin izan da zerbitzariarekin konektatu. Birkargatu uneko egoera egiaztatzeko.",
      "skill-unavailable": "Hautatutako skill bat ez dago erabilgarri zentro honetan.",
      "uncertain": "Ezin izan da emaitza berretsi. Birkargatu berriro saiatu aurretik.",
      "unconfigured": "Instalazioaren operadoreak oraindik ez du ikasgela hau konfiguratu.",
    },
    "reload": "Birkargatu",
    "rename": "Gorde izena",
    "resume": "Erakutsi",
    "retry": "Saiatu berriro",
    "revisionMissing": "Ikasgela honek oraindik ez du irakaskuntza-bertsiorik.",
    "revoke": "Indargabetu",
    "revokeSessions": "Itxi saioak",
    "revokedAt": [Function],
    "role": "Eginkizuna",
    "roles": {
      "student": "Ikaslea",
      "teacher": "Irakaslea",
    },
    "select": "Ireki",
    "selection": [Function],
    "serverVersion": [Function],
    "stage": "Prestatu paketea",
    "state": "Egoera",
    "states": {
      "active": "Aktiboa",
      "disabled": "Desgaituta",
      "pending": "Kredentzialaren zain",
    },
    "stay": "Geratu",
    "unreviewed": "Egin aurrebista berriro saio honetan berretsi aurretik.",
    "userId": "Erabiltzaile-IDa",
  },
  "health": {
    "available": "Erabilgarri",
    "checked": "Egiaztatua",
    "denied": "Sarbidea ukatu da. Hasi saioa berriro edo hautatu baimendutako ikasgela bat.",
    "empty": "Hautatu ikasgela bat zerbitzuaren egoera ikusteko.",
    "error": "Zerbitzuaren egoera ez dago erabilgarri. Saiatu berriro.",
    "inference": "Tutoretza-eredua",
    "inferenceNote": "Zerbitzari honek ez du ereduaren zerbitzua egiaztatzen. Hornitzaile bat konfiguratuta egoteak ez du frogatzen erantzuten duenik.",
    "loading": "Zerbitzuaren egoera kargatzen…",
    "meaning": "Erabilgarri eta zaharkitua zerbitzari honek duen azken behaketari buruzkoak dira. Ezezagunak esan nahi du ez dela neurtu.",
    "notObserved": "Behaketarik ez",
    "observed": "Azken behaketa",
    "refresh": "Eguneratu egoera",
    "stale": "Zaharkitua",
    "staleAfter": "{minutes} minutu baino zaharragoak diren behaketak zaharkituak dira.",
    "storage": "Ikasgelako datuen biltegiratzea",
    "telemetryDelivery": "Telemetriaren bidalketa",
    "telemetryNote": "Bidalketa ez dago berretsita. Telemetria konfiguratuta egoteak ez du frogatzen datuak iritsi direnik.",
    "title": "Zerbitzuaren egoera",
    "unknown": "Ezezaguna",
    "usageLedger": "Erabilera-erregistroak",
  },
  "insights": {
    "adaptationNote": "Aldaketak tutoretza saio berriei aplikatzen zaizkie. Eskuzko doikuntzek aurreko saioek irizpideak aurreratzea eragozten dute.",
    "affected": "Kaltetuak / ebaluagarriak",
    "all": "Guztiak",
    "approved": "Onartua",
    "back": "Atzera",
    "budget": "Analisiaren aurrekontua",
    "cancel": "Utzi",
    "cancelled": "Bertan behera",
    "complete": "Osoa",
    "confidence": "Konfiantza",
    "confirmReset": "Trebetasun honetako irizpide guztiak berrabiarazi?",
    "custom": "Pertsonalizatua",
    "date": "Data",
    "days7": "7 egun",
    "disabled": "Gela honetan desgaituta",
    "disconnected": "Deskonektatuta",
    "download": "Deskargatu HTML",
    "empty": "Ez dago erregistrorik hautaketa honetan",
    "enableAdaptive": "Egokitu tutorea berrikusitako aurrerapenera",
    "enableMap": "Aktibatu arreta mapa",
    "error": "Eragiketak huts egin du. Eguneratu eta saiatu berriro.",
    "evidence": "Ebidentziak",
    "failed": "Huts egin du",
    "from": "Hasiera",
    "generate": "Sortu txostena",
    "green": "Aurrera egiten",
    "high": "Konfiantza handia",
    "history": "Historia",
    "hours24": "24 ordu",
    "hours6": "6 ordu",
    "hours72": "72 ordu",
    "interrupted": "Etenda",
    "invalidated": "Ebidentziak ezabatu dira",
    "level": "Maila",
    "loading": "Kargatzen…",
    "low": "Konfiantza baxua",
    "map": "Arreta mapa",
    "mapNote": "Arreta estimazioak ez dira kalifikazioak. Isiltasunak bakarrik ez du zailtasunik adierazten.",
    "medium": "Konfiantza ertaina",
    "more": "Gehiago",
    "noProgress": "Ikasle honen saio egokitu batek ez du oraindik irizpiderik jaso.",
    "oldDefinition": "Aurreko definizioak gordetzen dira",
    "partial": "Txosten partziala: ebidentzia batzuk ezin izan dira aztertu",
    "pending": "Analisiaren zain",
    "period": "Aldia",
    "progress": "Ikaskuntza aurrerapena",
    "provisional": "Behin-behinekoa",
    "queued": "Ilaran",
    "reason": "Arrazoia",
    "reasonRequired": "Arrazoia adierazi behar da",
    "red": "Arreta behar du",
    "refresh": "Eguneratu",
    "reportNote": "Behin-behineko analisiek ez dituzte ebaluazioak onartzen edo aurrerapena aldatzen.",
    "reports": "Gelako txostenak",
    "requests": "Kontsultak",
    "resetSkill": "Berrabiarazi trebetasuna",
    "retry": "Beste saiakera bat",
    "running": "Aztertzen",
    "save": "Gorde",
    "selectClass": "Hautatu gela bat",
    "selectStudent": "Hautatu ikasle bat",
    "session": "Ireki saioa",
    "setLevel": "Ezarri maila",
    "settings": "Hezkuntza tresnak",
    "skill": "Trebetasuna",
    "success": "Gordeta",
    "target": "Helburua",
    "teacher": "Irakaslea",
    "to": "Amaiera",
    "tokens": "Tokenak",
    "unavailable": "Ez dago erabilgarri",
    "unconfigured": "Administratzaile batek modeloa eta aurrekontua konfiguratu behar ditu.",
    "yellow": "Behatu",
  },
  "interpolated": {
    "copySource": "Kopiaren iturria skill:one",
    "expiresAt": "Iraungitze-data: 2026-09-21T12:00:00Z",
    "exportDraft": "Zirriborroa esportatu da: out",
    "exportSaved": "Gordetako edukia esportatu da: out",
    "pendingPrompt": "Beste helmuga hau hautatu nahi duzu: Physics? Gorde gabeko zirriborro-aldaketak galduko dira.",
    "revokedAt": "Saioak 2026-09-21T11:00:00Z-n itxi dira",
    "savedVersion": "Gordetako bertsioa v1",
    "selection": "1 skill didaktiko eta 2 ebaluazio-skill",
    "serverVersion": "Zerbitzariaren errenkada: v1",
    "signedInAs": "Ada gisa saioa hasita",
    "switchPrompt": "Beste ikasgela hau hautatu nahi duzu: Physics? Gorde gabeko zirriborro-aldaketak galduko dira.",
  },
  "profile": {
    "accept": "Uneko egoera onartu",
    "aside": "Albokoa",
    "catalog": "Orri honek beste plugin-bertsio bat erabiltzen du. Zirriborroa mantendu da. Berriz kargatu zirriborroa apuntatu ondoren.",
    "classOverride": "Nire ikasgelako ikuspegia",
    "compact": "Trinkoa",
    "confirm": "Saiotik irten eta gorde gabeko berrikuspena edo oharra baztertu?",
    "confirmReset": "Profil-eremu hau berrezarri?",
    "conflict": "Profila beste leku batean aldatu da. Zirriborroa mantendu da. Berrikusi uneko egoera gorde aurretik.",
    "contrast": "Kontraste handia",
    "discard": "Gordetzeak erabilgarri ez dauden pluginen ezarpenak baztertzen ditu",
    "down": "Behera",
    "draft": "Gorde gabeko profil-zirriborroa",
    "empty": "Ez dago modulu ikusgairik. Gaitu panelaren itxuran.",
    "evidence": "Berrikusitako ebidentziak",
    "failed": "Modulua ez dago erabilgarri. Saiatu berriro kargatzen.",
    "health": "Zerbitzuaren egoera",
    "inheritModules": "Modulu pertsonalak heredatu",
    "inheritTheme": "Gai pertsonala heredatu",
    "invalid": "Hautatu gai edo modulu propioak, edo berrezarri eremua bi eremuak heredatzeko.",
    "legacy": "Panela pertsonalizatzeko zerbitzaria lineaz kanpo eguneratu behar da. Saioak erabilgarri daude.",
    "loading": "Kargatzen…",
    "main": "Nagusia",
    "map": "Arreta mapa",
    "marea": "Marea",
    "matched": "Gordetako uneko balioa zirriborroarekin bat dator.",
    "personal": "Hobespen pertsonalak",
    "progress": "Ikaskuntza aurrerapena",
    "read": "Uneko egoera irakurri",
    "reapply": "Zirriborroa uneko berrikuspenarekin mantendu",
    "recovery": "Profil hau berreskuratu behar da. Berrezarri eremua heredatutako hobespenak berreskuratzeko.",
    "reports": "Gelako txostenak",
    "reset": "Eremu hau berrezarri",
    "retry": "Saiatu berriro",
    "save": "Gorde",
    "scope": "Profila editatu",
    "selectClass": "Hautatu ikasgela",
    "sessions": "Saioak eta ebaluazioa",
    "size": "Tamaina",
    "slot": "Kokapena",
    "standard": "Estandarra",
    "theme": "Gaia",
    "title": "Panelaren itxura",
    "unavailable": "Panelaren hobespenak ez daude erabilgarri. Zirriborroa mantendu da. Saiatu berriro irakurtzen.",
    "uncertain": "Ezin izan da gordetzea baieztatu. Irakurketak ez du idazketa errepikatzen. Berrikusi jarraitu aurretik.",
    "up": "Gora",
    "usage": "Erabilera eta kostua",
    "visible": "Ikusgai",
    "warning": "Gordetako hobespen batzuk ez daude erabilgarri. Eremua ordezteak ezarpen horiek baztertzen ditu.",
    "wide": "Zabala",
  },
  "reviewedEvidence": {
    "blocked": "Ezin izan da saioa ireki. Gaitu Saioak eta gorde edo baztertu zirriborroak nabigatu aurretik.",
    "confidence": "Erregistratutako konfiantza",
    "criteria": "Irizpideak eta bertsioak",
    "denied": "Sarbidea ukatuta. Hautatu baimendutako ikasgela bat edo hasi saioa berriro.",
    "empty": "Hautatu ikasgela bat berrikusitako ebidentziak ikusteko.",
    "error": "Berrikusitako ebidentziak ez daude erabilgarri. Saiatu berriro.",
    "generation": "Sorkuntza",
    "high": "Altua",
    "history": "Ikusi ebidentzien historia",
    "loading": "Berrikusitako ebidentziak kargatzen…",
    "low": "Baxua",
    "meaning": "Irakasleak onartutako behaketak dira, ez ikaskuntzaren puntuazioa. Trebetasunen bertsioak bereizita erakusten dira.",
    "medium": "Ertaina",
    "more": "Hurrengo orrialdea",
    "no-evidence": "Ebidentziarik ez",
    "none": "Ez dago onartutako ebidentziarik hautaketa honetan.",
    "not-passed": "Gainditu gabe",
    "older": "Saio honek geroagoko onarpen bat du.",
    "open": "Ireki jatorrizko saioa",
    "passed": "Gaindituta",
    "refresh": "Eguneratu lehen orrialdetik",
    "students": "Ikasleak",
    "title": "Berrikusitako ebidentziak",
    "version": "Trebetasunaren bertsioa",
  },
  "session": {
    "checking": "Zure saioa egiaztatzen…",
    "heading": "Hasi saioa",
    "intro": "Hasi saioa administrazioak sortutako irakasle-kontuarekin.",
    "login": "Erabiltzailea",
    "password": "Pasahitza",
    "problems": {
      "invalid": "Erabiltzailea edo pasahitza ez da zuzena.",
      "not-teacher": "Panel hau irakasleentzat da. Ikasleek marea aplikazioa erabiltzen dute.",
      "unavailable": "Ezin izan da irakaslearen zerbitzariarekin konektatu. Saiatu berriro une batean.",
    },
    "signOut": "Itxi saioa",
    "signedInAs": [Function],
    "signingOut": "Saioa ixten…",
    "submit": "Hasi saioa",
    "submitting": "Saioa hasten…",
  },
  "sessions": {
    "active": "Irekita",
    "agentEdit": "Agente-eragiketa batean aldatua",
    "all": "Ikasgela guztiak",
    "any": "Saio guztiak",
    "approval": "Baimen-eskaera",
    "approved": "Baimenduta",
    "arguments": "Argumentuak",
    "assistant": "Marea",
    "back": "Itzuli saioetara",
    "cancelled": "Bertan behera utzita",
    "catchingUp": "Erregistratutako jarduera kargatzen…",
    "choose": "Aukeratu saio bat elkarrizketa jarraitzeko.",
    "classLabel": "Ikasgela",
    "closed": "Amaituta",
    "commands": "Komandoak",
    "conversation": "Elkarrizketa",
    "current": "Eguneratuta",
    "diagnostics": "Saioaren diagnostikoa",
    "diagnosticsHelp": "Saio honetako jarduera teknikoa erregistratuta. Erregistro historikoek ezin dute inoiz jaso ez zen jarduerarik sortu.",
    "diff": "Ikusi diff-a",
    "edit": "Fitxategia aldatuta",
    "empty": "Ez dago saiorik orri honetan.",
    "error": "Eskaerak huts egin du. Zure zirriborroa mantendu da.",
    "evaluation": "Ebaluazioa",
    "finished": "Saioa amaituta",
    "freshness": "Erregistratutako jarduera zuzenean eguneratzen da, eta konexioak huts egiten badu aldizkako berreskuratzea egiten da. Saioa irekita egoteak ez du esan nahi ikaslea konektatuta dagoenik.",
    "heading": "Saioak",
    "interrupted": "Erantzuna etenda",
    "latest": "Joan azken jarduerara",
    "loading": "Konektatzen…",
    "message": "Ikaslearentzako mezua",
    "more": "Saio zaharragoak",
    "newMessage": "Mezu berria",
    "newest": "Azkenak",
    "notRetryable": "Txanda hau ezin da berriro saiatu",
    "nothing": "Oraindik ez dago erregistratutako mezurik.",
    "opened": "Saioa irekita",
    "output": "Ikusi irteera",
    "projectContext": "Proiektuaren testuingurua",
    "proposed": "Fitxategi-eduki proposatua",
    "published": "Argitaratuta · harreraren zain",
    "questions": "Galderak eta erantzunak",
    "received": "Ikaslearen aplikazioak jasota",
    "reconcile": "Egiaztatu argitalpena",
    "refresh": "Freskatu",
    "rejected": "Baztertuta",
    "retry": "Saiatu berriro mezu berarekin",
    "retryable": "Berriro saiatzeko aukera",
    "search": "Bilatu ikaslea edo proiektua",
    "send": "Bidali mezua",
    "skillsRead": "Irakurritako skill-ak",
    "stale": "Konexioa galduta · berriro saiatzen",
    "startup": "Tutorearen prestaketa",
    "student": "Ikaslea",
    "studentEdit": "Ikasleak idatzia",
    "toolFailed": "Tresnak huts egin du",
    "toolResult": "Tresnaren emaitza",
    "truncated": "Edukia moztuta",
    "turnEnded": "Txanda amaituta",
    "turnFailed": "Txandak huts egin du",
    "uncertain": "Ezin izan da argitalpena berretsi. Egiaztatu berriro saiatu aurretik; mezu bera ez da bi aldiz argitaratuko.",
    "unknownEdit": "Eten ondoren berreskuratutako aldaketak · egiletza ezezaguna",
    "writes": "Eskatutako idazketak",
  },
  "teaching": {
    "acceptCurrent": "Onartu uneko konfigurazioa",
    "automaticEvaluation": "Ebaluazio automatikoa",
    "automaticEvaluationNote": "Ebaluazio automatikoa itzalita egoten da ebaluazio-metodorik hautatu gabe.",
    "busy": "Lanean…",
    "chooseClass": "Aukeratu ikasgela haren irakaskuntza-konfigurazioa irakurtzeko edo sortzeko.",
    "classSelector": "Ikasgela",
    "classesEmpty": "Oraindik ez zaizu ikasgelarik esleitu.",
    "classesError": "Ezin izan dira ikasgelak kargatu.",
    "classesHeading": "Ikasgelak",
    "classesLoading": "Ikasgelak kargatzen…",
    "currentValues": "Gordetako balioak (irakurtzeko soilik)",
    "description": "Deskribapena",
    "didacticCap": "Gehienez 64 skill didaktiko hauta daitezke.",
    "didacticLegend": "Skill didaktikoak",
    "digest": "Digest-a",
    "discardDraft": "Baztertu zirriborroa eta mantendu unekoa",
    "evaluationLegend": "Ebaluazio-metodoak",
    "firstConfiguration": "Lehen konfigurazioa: oraindik ez dago ezer gordeta ikasgela honetarako.",
    "freeInstructions": "Modu librearen argibideak",
    "freeModeNote": "Modu libreak abiarazte eta materializazio didaktikoak baztertzen ditu, baina tresnen baimen arruntak mantentzen ditu.",
    "heading": "Ikasgelako irakaskuntza-konfigurazioa",
    "instructionsNote": "Editatu modu bakoitzeko argibide osoak; ezin da eremurik hutsik utzi. Lehenetsiak leheneratzeak zirriborro hau baino ez du aldatzen; gorde saio berrietan aplikatzeko. Tresnen baimenak eta segurtasun-arauak bereiz mantentzen dira.",
    "modeLabel": "Agente-modua",
    "modes": {
      "free": "Modu librea",
      "tutoring": "Tutoretza gidatua",
    },
    "noCurrent": "Oraindik ez dago konfiguraziorik gordeta ikasgela honetarako.",
    "noDraft": "Konfigurazioa irakurtzen…",
    "operatorWarning": "Operadorearen aurrebaldintzak falta dira. Irakurtzea baimenduta dago, baina gordetzea blokeatuta.",
    "problems": {
      "conflict": "Gordetako konfigurazioa aldatu egin da editatzen ari zinela.",
      "forbidden": "Ez duzu ikasgela honetarako sarbiderik.",
      "invalid": "Zerbitzariak eskaera baliogabetzat baztertu du.",
      "load": "Ezin izan dira ikasgelak kargatu.",
      "skill-unavailable": "Hautatutako skill-a ez dago eskuragarri edo zaharkituta dago zerbitzarian.",
      "uncertain": "Ez dago gordetzearen emaitza berretsita. Zure zirriborroa mantendu da.",
      "unconfigured": "Operadorearen aurrebaldintzak ez daude instalazio honetarako konfiguratuta.",
    },
    "recoveryHeading": "Berreskuratzea: gordetako uneko konfigurazioa",
    "recoveryNote": "Zure zirriborroa gordetako balioen ondoan mantentzen da. Ez da ezer automatikoki gainidazten.",
    "reloadClasses": "Birkargatu ikasgelak",
    "reloadCurrent": "Birkargatu uneko konfigurazioa",
    "remove": "Kendu",
    "reselect": "Hautatu berriro bertsio hau",
    "restoreFree": "Leheneratu modu librearen lehenetsiak",
    "restoreTutoring": "Leheneratu modu gidatuaren lehenetsiak",
    "save": "Gorde konfigurazioa",
    "saveBlocked": "Gorde konfigurazioa (blokeatuta)",
    "saveNote": "Gordetzeek saio berriei baino ez diete eragiten; dagoeneko irekita dauden saioek konfigurazio izoztua mantentzen dute.",
    "savedVersion": [Function],
    "skillCurrent": "Uneko bertsioa",
    "skillMissing": "Hautaketa falta da: bertsio hau ez dago uneko katalogoan.",
    "skillStale": "Hautaketa zaharkituta: gordetako digest-a bertsio honetatik desberdina da.",
    "source": "Iturria",
    "switchCancel": "Utzi",
    "switchDiscard": "Baztertu zirriborroa eta aldatu",
    "switchPrompt": [Function],
    "tutoringInstructions": "Modu gidatuaren argibideak",
  },
  "usage": {
    "apply": "Erakutsi epea",
    "basis": "Token-oinarria",
    "breached": "Mugatik gora",
    "complete": "Orri honetako saiakera guztiek dute prezioa.",
    "cost": "Kostua",
    "costUnavailable": "Preziorik gabe",
    "created": "Sortua",
    "denied": "Sarbidea ukatu da. Hasi saioa berriro edo hautatu baimendutako ikasgela bat.",
    "empty": "Hautatu ikasgela bat haren erabilera ikusteko.",
    "error": "Erabilera ez dago erabilgarri. Saiatu berriro.",
    "evaluation": "Ebaluazioa",
    "from": "Noiztik",
    "inputTokens": "Sarrerako tokenak",
    "invalidRange": "Aukeratu amaiera-data baino lehenagoko edo berdineko hasiera-data, gehienez 31 egunekoa.",
    "loading": "Erabilera kargatzen…",
    "next": "Hurrengo orria",
    "none": "Ez dago saiakerarik epe honetan.",
    "outputTokens": "Irteerako tokenak",
    "page": "Orria",
    "partial": "Orri honetako saiakera batzuek ez dute prezioa; beraz, ez da guztizkorik erakusten.",
    "previous": "Aurreko orria",
    "purpose": "Helburua",
    "refresh": "Eguneratu erabilera",
    "reported": "Hornitzaileak jakinarazia",
    "reservation": "Erreserbaren estimazioa",
    "reserved": "Erreserbatua",
    "scope": "Zifrek orri honetako saiakerak soilik deskribatzen dituzte. Ez dira ikasgelaren guztizkoa.",
    "settled": "Likidatua",
    "state": "Egoera",
    "title": "Erabilera eta kostua",
    "to": "Noiz arte (barne)",
    "tutoring": "Tutoretza",
    "unavailable": "Prezioak ez daude erabilgarri orri honetarako.",
    "unknown": "Ezezaguna",
  },
}
`;
