{
  "available": "Disponible",
  "checked": "Comprobado",
  "denied": "Acceso denegado. Inicia sesión de nuevo o selecciona una clase autorizada.",
  "empty": "Selecciona una clase para ver el estado del servicio.",
  "error": "El estado del servicio no está disponible. Inténtalo de nuevo.",
  "inference": "Modelo de tutoría",
  "inferenceNote": "Este servidor no comprueba el servicio del modelo. Tener un proveedor configurado no prueba que responda.",
  "loading": "Cargando el estado del servicio…",
  "meaning": "Disponible y obsoleto describen la última observación que tiene este servidor. Desconocido significa que no se ha medido.",
  "notObserved": "Sin observación",
  "observed": "Última observación",
  "refresh": "Actualizar estado",
  "stale": "Obsoleto",
  "staleAfter": "Las observaciones con más de {minutes} minutos son obsoletas.",
  "storage": "Almacenamiento de datos de la clase",
  "telemetryDelivery": "Entrega de telemetría",
  "telemetryNote": "La entrega no está confirmada. Tener telemetría configurada no prueba que los datos hayan llegado.",
  "title": "Estado del servicio",
  "unknown": "Desconocido",
  "usageLedger": "Registros de uso",
}