{
  "available": "Erabilgarri",
  "checked": "Egiaztatua",
  "denied": "Sarbidea ukatu da. Hasi saioa berriro edo hautatu baimendutako ikasgela bat.",
  "empty": "Hautatu ikasgela bat zerbitzuaren egoera ikusteko.",
  "error": "Zerbitzuaren egoera ez dago erabilgarri. Saiatu berriro.",
  "inference": "Tutoretza-eredua",
  "inferenceNote": "Zerbitzari honek ez du ereduaren zerbitzua egiaztatzen. Hornitzaile bat konfiguratuta egoteak ez du frogatzen erantzuten duenik.",
  "loading": "Zerbitzuaren egoera kargatzen…",
  "meaning": "Erabilgarri eta zaharkitua zerbitzari honek duen azken behaketari buruzkoak dira. Ezezagunak esan nahi du ez dela neurtu.",
  "notObserved": "Behaketarik ez",
  "observed": "Azken behaketa",
  "refresh": "Eguneratu egoera",
  "stale": "Zaharkitua",
  "staleAfter": "{minutes} minutu baino zaharragoak diren behaketak zaharkituak dira.",
  "storage": "Ikasgelako datuen biltegiratzea",
  "telemetryDelivery": "Telemetriaren bidalketa",
  "telemetryNote": "Bidalketa ez dago berretsita. Telemetria konfiguratuta egoteak ez du frogatzen datuak iritsi direnik.",
  "title": "Zerbitzuaren egoera",
  "unknown": "Ezezaguna",
  "usageLedger": "Erabilera-erregistroak",
}