{
  "apply": "Show period",
  "basis": "Token basis",
  "breached": "Over limit",
  "complete": "Every attempt on this page has a price.",
  "cost": "Cost",
  "costUnavailable": "No price",
  "created": "Created",
  "denied": "Access denied. Sign in again or select an authorized class.",
  "empty": "Select a class to see its usage.",
  "error": "Usage is unavailable. Try again.",
  "evaluation": "Evaluation",
  "from": "From",
  "inputTokens": "Input tokens",
  "invalidRange": "Choose a start date on or before the end date, spanning at most 31 days.",
  "loading": "Loading usage…",
  "next": "Next page",
  "none": "No attempts in this period.",
  "outputTokens": "Output tokens",
  "page": "Page",
  "partial": "Some attempts on this page have no price, so no total is shown.",
  "previous": "Previous page",
  "purpose": "Purpose",
  "refresh": "Refresh usage",
  "reported": "Reported by provider",
  "reservation": "Reservation estimate",
  "reserved": "Reserved",
  "scope": "Figures describe only the attempts on this page. They are not a class total.",
  "settled": "Settled",
  "state": "State",
  "title": "Usage and cost",
  "to": "To (inclusive)",
  "tutoring": "Tutoring",
  "unavailable": "Pricing is unavailable for this page.",
  "unknown": "Unknown",
}