{
  "apply": "Mostrar periodo",
  "basis": "Base de tokens",
  "breached": "Por encima del límite",
  "complete": "Todos los intentos de esta página tienen precio.",
  "cost": "Coste",
  "costUnavailable": "Sin precio",
  "created": "Creado",
  "denied": "Acceso denegado. Inicia sesión de nuevo o selecciona una clase autorizada.",
  "empty": "Selecciona una clase para ver su uso.",
  "error": "El uso no está disponible. Inténtalo de nuevo.",
  "evaluation": "Evaluación",
  "from": "Desde",
  "inputTokens": "Tokens de entrada",
  "invalidRange": "Elige una fecha de inicio anterior o igual a la de fin, con un máximo de 31 días.",
  "loading": "Cargando uso…",
  "next": "Página siguiente",
  "none": "No hay intentos en este periodo.",
  "outputTokens": "Tokens de salida",
  "page": "Página",
  "partial": "Algunos intentos de esta página no tienen precio, así que no se muestra un total.",
  "previous": "Página anterior",
  "purpose": "Finalidad",
  "refresh": "Actualizar uso",
  "reported": "Informado por el proveedor",
  "reservation": "Estimación de la reserva",
  "reserved": "Reservado",
  "scope": "Las cifras describen solo los intentos de esta página. No son un total de la clase.",
  "settled": "Liquidado",
  "state": "Estado",
  "title": "Uso y coste",
  "to": "Hasta (incluido)",
  "tutoring": "Tutoría",
  "unavailable": "Los precios no están disponibles para esta página.",
  "unknown": "Desconocido",
}