{
  "apply": "Erakutsi epea",
  "basis": "Token-oinarria",
  "breached": "Mugatik gora",
  "complete": "Orri honetako saiakera guztiek dute prezioa.",
  "cost": "Kostua",
  "costUnavailable": "Preziorik gabe",
  "created": "Sortua",
  "denied": "Sarbidea ukatu da. Hasi saioa berriro edo hautatu baimendutako ikasgela bat.",
  "empty": "Hautatu ikasgela bat haren erabilera ikusteko.",
  "error": "Erabilera ez dago erabilgarri. Saiatu berriro.",
  "evaluation": "Ebaluazioa",
  "from": "Noiztik",
  "inputTokens": "Sarrerako tokenak",
  "invalidRange": "Aukeratu amaiera-data baino lehenagoko edo berdineko hasiera-data, gehienez 31 egunekoa.",
  "loading": "Erabilera kargatzen…",
  "next": "Hurrengo orria",
  "none": "Ez dago saiakerarik epe honetan.",
  "outputTokens": "Irteerako tokenak",
  "page": "Orria",
  "partial": "Orri honetako saiakera batzuek ez dute prezioa; beraz, ez da guztizkorik erakusten.",
  "previous": "Aurreko orria",
  "purpose": "Helburua",
  "refresh": "Eguneratu erabilera",
  "reported": "Hornitzaileak jakinarazia",
  "reservation": "Erreserbaren estimazioa",
  "reserved": "Erreserbatua",
  "scope": "Zifrek orri honetako saiakerak soilik deskribatzen dituzte. Ez dira ikasgelaren guztizkoa.",
  "settled": "Likidatua",
  "state": "Egoera",
  "title": "Erabilera eta kostua",
  "to": "Noiz arte (barne)",
  "tutoring": "Tutoretza",
  "unavailable": "Prezioak ez daude erabilgarri orri honetarako.",
  "unknown": "Ezezaguna",
}