{
  "adaptationNote": "Changes apply to new tutoring sessions. Manual adjustments prevent older sessions from advancing these criteria.",
  "affected": "Affected / assessed",
  "all": "All",
  "approved": "Approved",
  "back": "Back",
  "budget": "Analysis budget",
  "cancel": "Cancel",
  "cancelled": "Cancelled",
  "complete": "Complete",
  "confidence": "Confidence",
  "configureConnection": "Configure connection",
  "confirmReset": "Reset all criteria in this skill?",
  "custom": "Custom",
  "date": "Date",
  "days7": "7 days",
  "disabled": "Disabled for this class",
  "disconnected": "Disconnected",
  "download": "Download HTML",
  "empty": "No records in this selection",
  "enableAdaptive": "Adapt the tutor to reviewed progress",
  "enableMap": "Enable attention map",
  "error": "The operation failed. Refresh and try again.",
  "evidence": "Evidence",
  "failed": "Failed",
  "from": "From",
  "generate": "Generate report",
  "green": "Progressing",
  "high": "High confidence",
  "history": "History",
  "hours24": "24 hours",
  "hours6": "6 hours",
  "hours72": "72 hours",
  "interrupted": "Interrupted",
  "invalidated": "Evidence deleted",
  "level": "Level",
  "loading": "Loading…",
  "low": "Low confidence",
  "map": "Attention map",
  "mapNote": "Attention estimates are not grades. Silence alone does not mean difficulty.",
  "medium": "Medium confidence",
  "more": "More",
  "noProgress": "No adaptive session has captured criteria for this student yet.",
  "oldDefinition": "Historical definitions are retained",
  "partial": "Partial report: some evidence could not be analyzed",
  "pending": "Awaiting analysis",
  "period": "Period",
  "progress": "Learning progress",
  "provisional": "Provisional",
  "queued": "Queued",
  "reason": "Reason",
  "reasonRequired": "A reason is required",
  "red": "Needs attention",
  "refresh": "Refresh",
  "reportNote": "Provisional analyses do not approve evaluations or change learner progress.",
  "reports": "Class reports",
  "requests": "Requests",
  "resetSkill": "Reset skill",
  "retry": "New attempt",
  "running": "Analyzing",
  "save": "Save",
  "selectClass": "Select a class",
  "selectStudent": "Select a student",
  "session": "Open session",
  "setLevel": "Set level",
  "settings": "Educational tools",
  "skill": "Skill",
  "success": "Saved",
  "target": "Target",
  "teacher": "Teacher",
  "to": "To",
  "tokens": "Tokens",
  "unavailable": "Unavailable",
  "unconfigured": "No model and budget are configured for this feature yet.",
  "yellow": "Observe",
}