{
  "adaptationNote": "Los cambios se aplican a nuevas sesiones de tutoría. Los ajustes manuales impiden que sesiones anteriores hagan avanzar estos criterios.",
  "adjust": "Ajuste manual",
  "affected": "Afectados / evaluables",
  "all": "Todos",
  "approved": "Aprobada",
  "back": "Volver",
  "budget": "Presupuesto de análisis",
  "cancel": "Cancelar",
  "cancelled": "Cancelado",
  "complete": "Completo",
  "confidence": "Confianza",
  "configureConnection": "Configurar conexión",
  "configureServer": "Configurar el modelo de esta función",
  "confirmReset": "¿Reiniciar todos los criterios de esta skill?",
  "consolidated": "Consolidado: deja de ser foco de los ejercicios",
  "consolidatedCount": "consolidados",
  "criteria": "criterios",
  "custom": "Personalizado",
  "date": "Fecha",
  "days7": "7 días",
  "disabled": "Desactivado para esta clase",
  "discard": "Descartar cambios",
  "disconnected": "Desconectado",
  "download": "Descargar HTML",
  "empty": "No hay registros en esta selección",
  "enableAdaptive": "Adaptar el tutor al progreso revisado",
  "enableMap": "Activar mapa de atención",
  "error": "La operación ha fallado. Actualiza y vuelve a intentarlo.",
  "evidence": "Evidencias",
  "failed": "Fallido",
  "from": "Desde",
  "generate": "Generar informe",
  "green": "Progresa",
  "high": "Confianza alta",
  "history": "Historial",
  "hours24": "24 horas",
  "hours6": "6 horas",
  "hours72": "72 horas",
  "interrupted": "Interrumpido",
  "invalidated": "Evidencias eliminadas",
  "level": "Nivel",
  "loading": "Cargando…",
  "low": "Confianza baja",
  "map": "Mapa de atención",
  "mapNote": "Las estimaciones de atención no son calificaciones. El silencio por sí solo no indica dificultad.",
  "medium": "Confianza media",
  "more": "Más",
  "nextLevel": "Próximo nivel",
  "noProgress": "Todavía no hay criterios capturados en una sesión adaptativa de este alumno.",
  "noReports": "Todavía no has generado ningún informe.",
  "noStudents": "No hay alumnos dados de alta en esta clase.",
  "oldDefinition": "Se conservan las definiciones históricas",
  "partial": "Informe parcial: algunas evidencias no pudieron analizarse",
  "pending": "Pendiente de análisis",
  "period": "Periodo",
  "progress": "Progreso educativo",
  "provisional": "Provisional",
  "queued": "En cola",
  "reason": "Motivo",
  "reasonRequired": "Es necesario indicar un motivo",
  "red": "Necesita atención",
  "refresh": "Actualizar",
  "reportHistory": "Informes generados",
  "reportNote": "Los análisis provisionales no aprueban evaluaciones ni modifican el progreso.",
  "reports": "Informes de clase",
  "reportsMissing": "Los informes necesitan un modelo configurado en el servidor.",
  "reportsReady": "Los informes están disponibles al elegir un periodo en Informes.",
  "requests": "Consultas",
  "resetSkill": "Reiniciar skill",
  "retry": "Nuevo intento",
  "running": "Analizando",
  "save": "Guardar",
  "saved": "Cambios guardados.",
  "selectClass": "Selecciona una clase",
  "session": "Abrir sesión",
  "setLevel": "Fijar nivel",
  "settings": "Herramientas educativas",
  "skill": "Skill",
  "success": "Guardado",
  "target": "Objetivo",
  "teacher": "Profesor",
  "to": "Hasta",
  "tokens": "Tokens",
  "unavailable": "No disponible",
  "unconfigured": "Falta configurar el modelo y los límites de esta función.",
  "unsaved": "Cambios sin guardar.",
  "yellow": "Conviene observar",
}