{
  "adaptationNote": "Aldaketak tutoretza saio berriei aplikatzen zaizkie. Eskuzko doikuntzek aurreko saioek irizpideak aurreratzea eragozten dute.",
  "adjust": "Eskuzko doikuntza",
  "affected": "Kaltetuak / ebaluagarriak",
  "all": "Guztiak",
  "approved": "Onartua",
  "back": "Atzera",
  "budget": "Analisiaren aurrekontua",
  "cancel": "Utzi",
  "cancelled": "Bertan behera",
  "complete": "Osoa",
  "confidence": "Konfiantza",
  "configureConnection": "Konfiguratu konexioa",
  "confirmReset": "Trebetasun honetako irizpide guztiak berrabiarazi?",
  "consolidated": "Finkatuta: ez da gehiago ariketen ardatza",
  "consolidatedCount": "finkatuta",
  "criteria": "irizpide",
  "custom": "Pertsonalizatua",
  "date": "Data",
  "days7": "7 egun",
  "disabled": "Gela honetan desgaituta",
  "disconnected": "Deskonektatuta",
  "download": "Deskargatu HTML",
  "empty": "Ez dago erregistrorik hautaketa honetan",
  "enableAdaptive": "Egokitu tutorea berrikusitako aurrerapenera",
  "enableMap": "Aktibatu arreta mapa",
  "error": "Eragiketak huts egin du. Eguneratu eta saiatu berriro.",
  "evidence": "Ebidentziak",
  "failed": "Huts egin du",
  "from": "Hasiera",
  "generate": "Sortu txostena",
  "green": "Aurrera egiten",
  "high": "Konfiantza handia",
  "history": "Historia",
  "hours24": "24 ordu",
  "hours6": "6 ordu",
  "hours72": "72 ordu",
  "interrupted": "Etenda",
  "invalidated": "Ebidentziak ezabatu dira",
  "level": "Maila",
  "loading": "Kargatzen…",
  "low": "Konfiantza baxua",
  "map": "Arreta mapa",
  "mapNote": "Arreta estimazioak ez dira kalifikazioak. Isiltasunak bakarrik ez du zailtasunik adierazten.",
  "medium": "Konfiantza ertaina",
  "more": "Gehiago",
  "nextLevel": "Hurrengo maila",
  "noProgress": "Ikasle honen saio egokitu batek ez du oraindik irizpiderik jaso.",
  "noReports": "Oraindik ez duzu txostenik sortu.",
  "noStudents": "Ez dago ikaslerik ikasgela honetan.",
  "oldDefinition": "Aurreko definizioak gordetzen dira",
  "partial": "Txosten partziala: ebidentzia batzuk ezin izan dira aztertu",
  "pending": "Analisiaren zain",
  "period": "Aldia",
  "progress": "Ikaskuntza aurrerapena",
  "provisional": "Behin-behinekoa",
  "queued": "Ilaran",
  "reason": "Arrazoia",
  "reasonRequired": "Arrazoia adierazi behar da",
  "red": "Arreta behar du",
  "refresh": "Eguneratu",
  "reportHistory": "Sortutako txostenak",
  "reportNote": "Behin-behineko analisiek ez dituzte ebaluazioak onartzen edo aurrerapena aldatzen.",
  "reports": "Gelako txostenak",
  "requests": "Kontsultak",
  "resetSkill": "Berrabiarazi trebetasuna",
  "retry": "Beste saiakera bat",
  "running": "Aztertzen",
  "save": "Gorde",
  "selectClass": "Hautatu gela bat",
  "session": "Ireki saioa",
  "setLevel": "Ezarri maila",
  "settings": "Hezkuntza tresnak",
  "skill": "Trebetasuna",
  "success": "Gordeta",
  "target": "Helburua",
  "teacher": "Irakaslea",
  "to": "Amaiera",
  "tokens": "Tokenak",
  "unavailable": "Ez dago erabilgarri",
  "unconfigured": "Funtzio honen eredua eta mugak konfiguratu behar dira.",
  "yellow": "Behatu",
}