{
  "blocked": "The session could not be opened. Enable Sessions and keep or discard pending drafts before navigating.",
  "confidence": "Recorded confidence",
  "criteria": "Criteria and versions",
  "denied": "Access denied. Select an authorized class or sign in again.",
  "empty": "Select a class to see reviewed evidence.",
  "error": "Reviewed evidence is unavailable. Try again.",
  "generation": "Generation",
  "high": "High",
  "history": "View evidence history",
  "loading": "Loading reviewed evidence…",
  "low": "Low",
  "meaning": "Teacher-approved observations, not a learning score. Skill versions are shown separately.",
  "medium": "Medium",
  "more": "Next page",
  "no-evidence": "No evidence",
  "none": "No approved evidence in this selection.",
  "not-passed": "Not passed",
  "older": "This session has a later approval.",
  "open": "Open source session",
  "passed": "Passed",
  "refresh": "Refresh from the first page",
  "students": "Students",
  "title": "Reviewed evidence",
  "version": "Skill version",
}