{
  "blocked": "No se ha podido abrir la sesión. Activa Sesiones y conserva o descarta los borradores pendientes antes de navegar.",
  "confidence": "Confianza registrada",
  "criteria": "Criterios y versiones",
  "denied": "Acceso denegado. Selecciona una clase autorizada o inicia sesión de nuevo.",
  "empty": "Selecciona una clase para ver las evidencias revisadas.",
  "error": "Las evidencias revisadas no están disponibles. Inténtalo de nuevo.",
  "generation": "Generación",
  "high": "Alta",
  "history": "Ver historial de evidencias",
  "loading": "Cargando evidencias revisadas…",
  "low": "Baja",
  "meaning": "Observaciones aprobadas por el docente, no una puntuación de aprendizaje. Las versiones de las habilidades se muestran por separado.",
  "medium": "Media",
  "more": "Página siguiente",
  "no-evidence": "Sin evidencia",
  "none": "No hay evidencias aprobadas en esta selección.",
  "not-passed": "No superado",
  "older": "Esta sesión tiene una aprobación posterior.",
  "open": "Abrir sesión de origen",
  "passed": "Superado",
  "refresh": "Actualizar desde la primera página",
  "students": "Alumnos",
  "title": "Evidencias revisadas",
  "version": "Versión de la habilidad",
}