// Vitest Snapshot v1, https://vitest.dev/guide/snapshot.html

exports[`preserves the full-content delivery explanation and status copy in en 1`] = `
{
  "active": "Delivery with content enabled",
  "choose": "Choose a plugin",
  "conflict": "Settings changed. Reload before saving.",
  "description": "Send new turns with content: conversation, model calls, tools, questions and approvals. Only the server sends data. Configuration secrets are masked.",
  "destination": "Destination",
  "disabled": "Delivery disabled",
  "discard": "Discard changes",
  "dropped": "Dropped at queue limit",
  "enabled": "Enable delivery with content",
  "error": "Operation failed. Check connection and keys.",
  "failed": "Failed",
  "health": "The queue needs attention; student sessions continue working.",
  "last": "Last delivery",
  "missing": "Plugin not installed",
  "never": "None",
  "paused": "Destination unavailable; delivery paused",
  "pending": "Pending",
  "privacy": "External copies follow destination retention. Technical pseudonyms do not anonymize content. Disabling or changing destination discards pending deliveries; earlier history is not sent.",
  "refresh": "Refresh status",
  "retry": "Retry failed deliveries",
  "save": "Save observability",
  "saved": "Settings saved.",
  "secret": "Already configured; leave empty to keep",
  "sent": "Sent",
  "test": "Test connection",
  "tested": "Destination accepted a synthetic trace without student data.",
  "title": "Observability",
  "unavailable": "Observability unavailable. Update the server and its database.",
  "unsaved": "Unsaved changes.",
  "working": "Working…",
}
`;

exports[`preserves the full-content delivery explanation and status copy in es 1`] = `
{
  "active": "Envío con contenido activado",
  "choose": "Selecciona un plugin",
  "conflict": "Los ajustes han cambiado. Recarga antes de guardar.",
  "description": "Envía el contenido de los turnos nuevos: conversación, llamadas al modelo, herramientas, preguntas y aprobaciones. Solo el servidor realiza el envío. Las claves de configuración se ocultan.",
  "destination": "Destino",
  "disabled": "Envío desactivado",
  "discard": "Descartar cambios",
  "dropped": "Descartados por límite de cola",
  "enabled": "Activar el envío con contenido",
  "error": "No se pudo completar la operación. Revisa la conexión y las claves.",
  "failed": "Fallidos",
  "health": "La cola necesita atención; las sesiones del alumnado siguen funcionando.",
  "last": "Último envío",
  "missing": "Plugin no instalado",
  "never": "Ninguno",
  "paused": "Destino no disponible; los envíos están pausados",
  "pending": "Pendientes",
  "privacy": "Las copias externas siguen la retención del destino. Los seudónimos técnicos no anonimizan el contenido. Al desactivar o cambiar de destino se descartan los envíos pendientes; no se envía el historial anterior.",
  "refresh": "Actualizar estado",
  "retry": "Reintentar envíos fallidos",
  "save": "Guardar observabilidad",
  "saved": "Configuración guardada.",
  "secret": "Ya configurada; dejar vacío para conservar",
  "sent": "Enviados",
  "test": "Probar conexión",
  "tested": "El destino ha aceptado la traza de prueba, sin datos del alumnado.",
  "title": "Observabilidad",
  "unavailable": "Observabilidad no disponible. Actualiza el servidor y su base de datos.",
  "unsaved": "Cambios sin guardar.",
  "working": "Procesando…",
}
`;

exports[`preserves the full-content delivery explanation and status copy in eu 1`] = `
{
  "active": "Edukia bidaltzea aktibatuta",
  "choose": "Aukeratu plugin bat",
  "conflict": "Ezarpenak aldatu dira. Birkargatu gorde aurretik.",
  "description": "Bidali txanda berrien edukia: elkarrizketa, modelo-deiak, tresnak, galderak eta onarpenak. Zerbitzariak bakarrik bidaltzen ditu datuak. Konfigurazio-gakoak ezkutatzen dira.",
  "destination": "Helmuga",
  "disabled": "Bidalketa desaktibatuta",
  "discard": "Baztertu aldaketak",
  "dropped": "Ilararen mugagatik baztertuak",
  "enabled": "Aktibatu edukia bidaltzea",
  "error": "Eragiketak huts egin du. Egiaztatu konexioa eta gakoak.",
  "failed": "Huts eginak",
  "health": "Ilarak arreta behar du; ikasleen saioek martxan jarraitzen dute.",
  "last": "Azken bidalketa",
  "missing": "Plugina ez dago instalatuta",
  "never": "Bat ere ez",
  "paused": "Helmuga ez dago erabilgarri; bidalketa pausatuta",
  "pending": "Zain",
  "privacy": "Kanpoko kopiek helmugaren atxikipena jarraitzen dute. Ezizen teknikoek ez dute edukia anonimizatzen. Desaktibatzean edo helmuga aldatzean zain dauden bidalketak baztertzen dira; aurreko historia ez da bidaltzen.",
  "refresh": "Eguneratu egoera",
  "retry": "Saiatu berriro huts egindako bidalketekin",
  "save": "Gorde ezarpenak",
  "saved": "Ezarpenak gordeta.",
  "secret": "Konfiguratuta; utzi hutsik mantentzeko",
  "sent": "Bidalita",
  "test": "Probatu konexioa",
  "tested": "Helmugak ikasleen daturik gabeko proba-traza onartu du.",
  "title": "Behatzea",
  "unavailable": "Behatzea ez dago erabilgarri. Eguneratu zerbitzaria eta datu-basea.",
  "unsaved": "Gorde gabeko aldaketak.",
  "working": "Prozesatzen…",
}
`;
