{
  "acceptReadback": "Use server version",
  "accounts": "Accounts",
  "activate": "Add or reactivate",
  "agentMode": "Agent mode",
  "authority": "Actions are checked again by the server. Private operator settings are not managed here.",
  "busy": "Working…",
  "cancel": "Cancel preview",
  "centers": "Centers",
  "classId": "Class ID",
  "classes": "Classes",
  "clearPackage": "Clear package",
  "confirm": "Confirm import",
  "create": "Create",
  "disable": "Disable",
  "discardAndSwitch": "Switch",
  "dismiss": "Discard",
  "displayName": "Display name",
  "enable": "Enable",
  "exchange": "Class exchange",
  "expired": "This preview expired. Preview again before confirming.",
  "expiresAt": [Function],
  "export": "Export",
  "exported": "Exported package",
  "heading": "Center administration",
  "importText": "Package to import",
  "initialClass": "Initial class",
  "instructions": "Instructions",
  "interpolated": {
    "expiresAt": "Expires at 2026-09-21T12:00:00Z",
    "revokedAt": "Sessions ended at 2026-09-21T11:00:00Z",
    "selection": "1 didactic and 2 evaluation skills",
    "serverVersion": "Server row: v1",
  },
  "login": "Login",
  "member": "Account",
  "membershipStates": {
    "active": "Active",
    "revoked": "Revoked",
  },
  "memberships": "Memberships",
  "noClass": "None",
  "pendingCreates": "Unconfirmed creations",
  "pendingSwitch": "You have unsaved work here. Discard it from view and switch?",
  "preservesPolicy": "The destination evaluation policy is kept.",
  "preview": "Preview import",
  "previewHeading": "Import preview",
  "problems": {
    "conflict": "Someone changed this data first. Reload, review and try again.",
    "forbidden": "Administrator access is no longer available. Sign in again.",
    "invalid": "The request or server response was not valid for this selection.",
    "load": "The server could not be reached. Reload to check the current state.",
    "skill-unavailable": "A selected skill is not available in this center.",
    "uncertain": "The result could not be confirmed. Reload to check before retrying.",
    "unconfigured": "The installation operator has not configured this class yet.",
  },
  "reload": "Reload",
  "rename": "Save name",
  "resume": "Show",
  "retry": "Retry",
  "revisionMissing": "This class has no teaching revision yet.",
  "revoke": "Revoke",
  "revokeSessions": "End sessions",
  "revokedAt": [Function],
  "role": "Role",
  "roles": {
    "student": "Student",
    "teacher": "Teacher",
  },
  "select": "Open",
  "selection": [Function],
  "serverVersion": [Function],
  "stage": "Stage package",
  "state": "State",
  "states": {
    "active": "Active",
    "disabled": "Disabled",
    "pending": "Pending credential",
  },
  "stay": "Stay",
  "unreviewed": "Preview again in this session before confirming.",
  "userId": "User ID",
}