{
  "acceptReadback": "Usar la versión del servidor",
  "accounts": "Cuentas",
  "activate": "Añadir o reactivar",
  "agentMode": "Modo del agente",
  "authority": "El servidor vuelve a comprobar cada acción. Los ajustes privados del operador no se gestionan aquí.",
  "busy": "Procesando…",
  "cancel": "Cancelar vista previa",
  "centers": "Centros",
  "classId": "ID de clase",
  "classes": "Clases",
  "clearPackage": "Quitar paquete",
  "confirm": "Confirmar importación",
  "create": "Crear",
  "disable": "Desactivar",
  "discardAndSwitch": "Cambiar",
  "dismiss": "Descartar",
  "displayName": "Nombre visible",
  "enable": "Activar",
  "exchange": "Intercambio de clase",
  "expired": "Esta vista previa ha caducado. Vuelve a previsualizar antes de confirmar.",
  "expiresAt": [Function],
  "export": "Exportar",
  "exported": "Paquete exportado",
  "heading": "Administración del centro",
  "importText": "Paquete para importar",
  "initialClass": "Clase inicial",
  "instructions": "Instrucciones",
  "interpolated": {
    "expiresAt": "Caduca a las 2026-09-21T12:00:00Z",
    "revokedAt": "Sesiones cerradas a las 2026-09-21T11:00:00Z",
    "selection": "1 habilidades didácticas y 2 de evaluación",
    "serverVersion": "Fila del servidor: v1",
  },
  "login": "Usuario de acceso",
  "member": "Cuenta",
  "membershipStates": {
    "active": "Activa",
    "revoked": "Revocada",
  },
  "memberships": "Membresías",
  "noClass": "Ninguna",
  "pendingCreates": "Creaciones sin confirmar",
  "pendingSwitch": "Tienes trabajo sin guardar aquí. ¿Ocultarlo y cambiar?",
  "preservesPolicy": "Se conserva la política de evaluación de la clase de destino.",
  "preview": "Previsualizar importación",
  "previewHeading": "Vista previa de la importación",
  "problems": {
    "conflict": "Otra persona cambió estos datos antes. Recarga, revisa y vuelve a intentarlo.",
    "forbidden": "Ya no tienes acceso de administración. Vuelve a iniciar sesión.",
    "invalid": "La petición o la respuesta del servidor no es válida para esta selección.",
    "load": "No se ha podido contactar con el servidor. Recarga para comprobar el estado actual.",
    "skill-unavailable": "Una habilidad seleccionada no está disponible en este centro.",
    "uncertain": "No se ha podido confirmar el resultado. Recarga para comprobarlo antes de repetir.",
    "unconfigured": "El operador de la instalación aún no ha configurado esta clase.",
  },
  "reload": "Recargar",
  "rename": "Guardar nombre",
  "resume": "Mostrar",
  "retry": "Reintentar",
  "revisionMissing": "Esta clase aún no tiene revisión docente.",
  "revoke": "Revocar",
  "revokeSessions": "Cerrar sesiones",
  "revokedAt": [Function],
  "role": "Rol",
  "roles": {
    "student": "Estudiante",
    "teacher": "Docente",
  },
  "select": "Abrir",
  "selection": [Function],
  "serverVersion": [Function],
  "stage": "Preparar paquete",
  "state": "Estado",
  "states": {
    "active": "Activa",
    "disabled": "Desactivada",
    "pending": "Credencial pendiente",
  },
  "stay": "Quedarse",
  "unreviewed": "Vuelve a previsualizar en esta sesión antes de confirmar.",
  "userId": "ID de usuario",
}