{
  "acceptReadback": "Erabili zerbitzariaren bertsioa",
  "accounts": "Kontuak",
  "activate": "Gehitu edo berraktibatu",
  "agentMode": "Agente-modua",
  "authority": "Zerbitzariak ekintza guztiak berriro egiaztatzen ditu. Operadorearen ezarpen pribatuak ez dira hemen kudeatzen.",
  "busy": "Lanean…",
  "cancel": "Utzi aurrebista",
  "centers": "Zentroak",
  "classId": "Ikasgela-IDa",
  "classes": "Ikasgelak",
  "clearPackage": "Kendu paketea",
  "confirm": "Berretsi inportazioa",
  "create": "Sortu",
  "disable": "Desgaitu",
  "discardAndSwitch": "Aldatu",
  "dismiss": "Baztertu",
  "displayName": "Bistaratzeko izena",
  "enable": "Gaitu",
  "exchange": "Ikasgela-trukea",
  "expired": "Aurrebista hau iraungi da. Egin aurrebista berriro berretsi aurretik.",
  "expiresAt": [Function],
  "export": "Esportatu",
  "exported": "Esportatutako paketea",
  "heading": "Zentroaren administrazioa",
  "importText": "Inportatzeko paketea",
  "initialClass": "Hasierako ikasgela",
  "instructions": "Argibideak",
  "interpolated": {
    "expiresAt": "Iraungitze-data: 2026-09-21T12:00:00Z",
    "revokedAt": "Saioak 2026-09-21T11:00:00Z-n itxi dira",
    "selection": "1 skill didaktiko eta 2 ebaluazio-skill",
    "serverVersion": "Zerbitzariaren errenkada: v1",
  },
  "login": "Saioa hasteko izena",
  "member": "Kontua",
  "membershipStates": {
    "active": "Aktiboa",
    "revoked": "Indargabetuta",
  },
  "memberships": "Kide izateak",
  "noClass": "Bat ere ez",
  "pendingCreates": "Berretsi gabeko sorkuntzak",
  "pendingSwitch": "Gorde gabeko lana duzu hemen. Ezkutatu eta aldatu nahi duzu?",
  "preservesPolicy": "Helmugako ebaluazio-politika mantentzen da.",
  "preview": "Aurreikusi inportazioa",
  "previewHeading": "Inportazioaren aurrebista",
  "problems": {
    "conflict": "Beste norbaitek datu hauek aldatu ditu lehenago. Birkargatu, berrikusi eta saiatu berriro.",
    "forbidden": "Administratzaile-sarbidea ez dago erabilgarri. Hasi saioa berriro.",
    "invalid": "Eskaera edo zerbitzariaren erantzuna ez da baliozkoa hautaketa honetarako.",
    "load": "Ezin izan da zerbitzariarekin konektatu. Birkargatu uneko egoera egiaztatzeko.",
    "skill-unavailable": "Hautatutako skill bat ez dago erabilgarri zentro honetan.",
    "uncertain": "Ezin izan da emaitza berretsi. Birkargatu berriro saiatu aurretik.",
    "unconfigured": "Instalazioaren operadoreak oraindik ez du ikasgela hau konfiguratu.",
  },
  "reload": "Birkargatu",
  "rename": "Gorde izena",
  "resume": "Erakutsi",
  "retry": "Saiatu berriro",
  "revisionMissing": "Ikasgela honek oraindik ez du irakaskuntza-bertsiorik.",
  "revoke": "Indargabetu",
  "revokeSessions": "Itxi saioak",
  "revokedAt": [Function],
  "role": "Eginkizuna",
  "roles": {
    "student": "Ikaslea",
    "teacher": "Irakaslea",
  },
  "select": "Ireki",
  "selection": [Function],
  "serverVersion": [Function],
  "stage": "Prestatu paketea",
  "state": "Egoera",
  "states": {
    "active": "Aktiboa",
    "disabled": "Desgaituta",
    "pending": "Kredentzialaren zain",
  },
  "stay": "Geratu",
  "unreviewed": "Egin aurrebista berriro saio honetan berretsi aurretik.",
  "userId": "Erabiltzaile-IDa",
}