{
  "access": "This server's connections and models are managed by the teacher who administers it. Your classes use them automatically; ask that teacher for any change you need.",
  "advanced": "Models and limits by task",
  "automaticPrices": "Provider prices",
  "budgetNote": "Usage is unlimited by default. Choosing a catalog model fills its editable prices. If you type a different model, review prices manually. Prices are estimates and exclude discounts and caching.",
  "common": "Use this connection and model for new sessions in every class",
  "commonNote": "Enabling this replaces class routes for new sessions. Open sessions remain unchanged.",
  "commonOff": "Each class keeps its current model until you enable this option.",
  "commonOn": "New sessions in every class will use this model.",
  "concurrent": "Concurrent requests",
  "configured": "Key saved; leave blank to keep it",
  "conflict": "Settings changed in another window. Reload and review your changes before saving.",
  "connect": "Enable connection",
  "connectionOptions": "Connection options",
  "connectionsHelp": "Credentials belong to the server and are never shown again after saving. Entering a key checks the connection and loads available models.",
  "connectionsStep": "Provider connections",
  "cost": "Cost ceiling (units)",
  "costUsd": "Cost ceiling (USD)",
  "discard": "Discard changes",
  "duration": "Maximum duration (ms)",
  "enable": "Configure this feature",
  "error": "The change could not be confirmed. Your draft is retained; reload before retrying.",
  "evaluation": "Evaluation",
  "inUse": "Used by a configured route: it cannot be disabled.",
  "input": "Input tokens per request",
  "inputPrice": "Units per input token",
  "inputPriceUsd": "USD per million input tokens",
  "invalid": "Check the model and limits: values must be valid and the input ceiling must fit the budget.",
  "legacyTitle": "Current model of each class",
  "limits": "Usage limits",
  "limitsStep": "Limits and prices",
  "loading": "Loading connections…",
  "manualPrices": "Custom or unchecked prices",
  "map": "Map · per class and day",
  "missing": "No providers installed.",
  "model": "Main model",
  "modelsInvalid": "The key could not be validated. Check it and retry.",
  "modelsLoading": "Checking connection and loading models…",
  "modelsReady": "Connection verified · Available models",
  "modelsRefresh": "Check again",
  "modelsUnavailable": "Models could not be loaded. You can type a model ID manually.",
  "output": "Output tokens per request",
  "outputPrice": "Units per output token",
  "outputPriceUsd": "USD per million output tokens",
  "pending": "Unsaved changes",
  "provider": "Provider",
  "reload": "Reload",
  "reports": "Reports · per attempt",
  "requests": "Maximum requests",
  "restorePrices": "Restore provider prices",
  "roleAdmin": "You administer this server. Changes affect all of its classes.",
  "routeHelp": "The main model serves tutoring and, unless you choose another, evaluation.",
  "routeStep": "Model for sessions",
  "save": "Save configuration",
  "saved": "Configuration saved. Open sessions retain their model.",
  "setup": "Assign the teacher who administers this server using the installation's server-settings initialize command once.",
  "title": "Server settings",
  "tokens": "Total tokens",
  "tools": "Tool calls",
  "tutoring": "Tutoring",
  "unavailable": "This provider is unavailable for configuration. If it was removed, choose another connection and model. Its saved settings are preserved.",
  "unit": "Cost unit",
  "unlimited": "Unlimited usage",
  "unsaved": "Discard unsaved changes?",
}