{
  "access": "This server's connections and models are managed by the teacher who administers it. Your classes use them automatically; ask that teacher for any change you need.",
  "advanced": "Models and limits by task",
  "budgetNote": "Tutoring and evaluation limits apply per session. Prices must match the selected model; they are not fetched from the provider.",
  "common": "Use this connection and model for new sessions in every class",
  "commonNote": "Enabling this replaces class routes for new sessions. Open sessions remain unchanged.",
  "commonOff": "Each class keeps its current model until you enable this option.",
  "commonOn": "New sessions in every class will use this model.",
  "concurrent": "Concurrent requests",
  "configured": "Key saved; leave blank to keep it",
  "conflict": "Settings changed in another window. Reload and review your changes before saving.",
  "connect": "Enable connection",
  "connectionsHelp": "Credentials belong to the server and are never shown again after saving. Saving makes no test call.",
  "connectionsStep": "1. Provider connections",
  "cost": "Cost ceiling (units)",
  "duration": "Maximum duration (ms)",
  "enable": "Configure this feature",
  "error": "The change could not be confirmed. Your draft is retained; reload before retrying.",
  "evaluation": "Evaluation",
  "inUse": "Used by a configured route: it cannot be disabled.",
  "input": "Input tokens per request",
  "inputPrice": "Units per input token",
  "invalid": "Check the model and limits: values must be valid and the input ceiling must fit the budget.",
  "legacyTitle": "Current model of each class",
  "limits": "Usage limits",
  "limitsStep": "3. Limits and prices",
  "loading": "Loading connections…",
  "map": "Map · per class and day",
  "missing": "No providers installed.",
  "model": "Main model",
  "output": "Output tokens per request",
  "outputPrice": "Units per output token",
  "pending": "Unsaved changes",
  "provider": "Provider",
  "reload": "Reload",
  "reports": "Reports · per attempt",
  "requests": "Maximum requests",
  "roleAdmin": "You administer this server. Changes affect all of its classes.",
  "routeHelp": "The main model serves tutoring and, unless you choose another, evaluation.",
  "routeStep": "2. Model for sessions",
  "save": "Save configuration",
  "saved": "Configuration saved. Open sessions retain their model.",
  "setup": "Assign the teacher who administers this server using the installation's server-settings initialize command once.",
  "title": "This server · Connections and models",
  "tokens": "Total tokens",
  "tools": "Tool calls",
  "tutoring": "Tutoring",
  "unavailable": "This plugin does not provide a configuration form.",
  "unit": "Cost unit",
  "unsaved": "Discard unsaved changes?",
}