{
  "access": "Las conexiones y los modelos de este servidor los gestiona el docente que lo administra. Tus clases los usan automáticamente; pídele los cambios que necesites.",
  "advanced": "Modelos y límites por tarea",
  "automaticPrices": "Precios del proveedor",
  "budgetNote": "Por defecto no hay límites de uso. Al elegir un modelo del catálogo se rellenan sus precios, que puedes editar. Si escribes otro modelo, revisa los precios manualmente. Las tarifas son estimaciones y no incluyen descuentos ni caché.",
  "common": "Usar esta conexión y modelo en todas las clases para las sesiones nuevas",
  "commonNote": "Al activarlo sustituyes las rutas de las clases para las sesiones nuevas. Las sesiones abiertas no cambian.",
  "commonOff": "Cada clase conserva su modelo actual hasta que actives esta opción.",
  "commonOn": "Las sesiones nuevas de todas las clases usarán este modelo.",
  "concurrent": "Peticiones simultáneas",
  "configured": "Clave guardada; deja vacío para conservarla",
  "conflict": "La configuración cambió en otra ventana. Recarga y revisa tus cambios antes de guardar.",
  "connect": "Habilitar conexión",
  "connectionOptions": "Opciones de la conexión",
  "connectionsHelp": "Las credenciales pertenecen al servidor y nunca se muestran después de guardarlas. Al introducir la clave se comprueba la conexión y se consultan los modelos disponibles.",
  "connectionsStep": "Conexiones con proveedores",
  "cost": "Límite de coste (unidades)",
  "costUsd": "Límite de coste (USD)",
  "discard": "Descartar cambios",
  "duration": "Duración máxima (ms)",
  "enable": "Configurar esta función",
  "error": "No se pudo confirmar el cambio. Tu borrador se conserva; vuelve a cargar la configuración antes de reintentarlo.",
  "evaluation": "Evaluación",
  "inUse": "En uso por una ruta configurada: no se puede deshabilitar.",
  "input": "Tokens de entrada por petición",
  "inputPrice": "Unidades por token de entrada",
  "inputPriceUsd": "USD por millón de tokens de entrada",
  "invalid": "Revisa el modelo y los límites: los valores deben ser válidos y el límite de entrada debe caber en el presupuesto.",
  "legacyTitle": "Modelo actual de cada clase",
  "limits": "Límites de uso",
  "limitsStep": "Límites y precios",
  "loading": "Cargando conexiones…",
  "manualPrices": "Precios personalizados o sin comprobar",
  "map": "Mapa · por clase y día",
  "missing": "No hay proveedores instalados.",
  "model": "Modelo principal",
  "modelsInvalid": "No se pudo validar la clave. Revísala y vuelve a intentarlo.",
  "modelsLoading": "Comprobando conexión y obteniendo modelos…",
  "modelsReady": "Conexión comprobada · Modelos disponibles",
  "modelsRefresh": "Volver a comprobar",
  "modelsUnavailable": "No se pudieron obtener los modelos. Puedes escribir el identificador manualmente.",
  "output": "Tokens de salida por petición",
  "outputPrice": "Unidades por token de salida",
  "outputPriceUsd": "USD por millón de tokens de salida",
  "pending": "Cambios sin guardar",
  "provider": "Proveedor",
  "reload": "Volver a cargar",
  "reports": "Informes · por intento",
  "requests": "Peticiones máximas",
  "restorePrices": "Restablecer precios del proveedor",
  "roleAdmin": "Administras este servidor. Los cambios afectan a todas sus clases.",
  "routeHelp": "El modelo principal atiende la tutoría y, salvo que indiques otro, la evaluación.",
  "routeStep": "Modelo para las sesiones",
  "save": "Guardar configuración",
  "saved": "Configuración guardada. Las sesiones abiertas conservan su modelo.",
  "setup": "Falta asignar al docente que administra este servidor. La instalación incluye el comando server-settings initialize para hacerlo una vez.",
  "title": "Ajustes del servidor",
  "tokens": "Tokens totales",
  "tools": "Llamadas a herramientas",
  "tutoring": "Tutoría",
  "unavailable": "Este proveedor no está disponible para configurarlo. Si se ha retirado, elige otro en Conexión y modelo. Sus ajustes guardados se conservan.",
  "unit": "Unidad de coste",
  "unlimited": "Sin límites de uso",
  "unsaved": "Hay cambios sin guardar. ¿Quieres descartarlos?",
}