{
  "access": "Zerbitzari honen konexioak eta ereduak administratzen duen irakasleak kudeatzen ditu. Zure ikasgelek automatikoki erabiltzen dituzte; eskatu irakasle horri behar dituzun aldaketak.",
  "advanced": "Ereduak eta mugak zereginaren arabera",
  "budgetNote": "Lehenespenez ez dago erabilera mugarik. Katalogoko eredu bat aukeratzean prezio editagarriak betetzen dira. Beste eredu bat idatziz gero, berrikusi prezioak eskuz. Prezioak estimazioak dira; deskontuak eta cachea ez dira sartzen.",
  "common": "Erabili konexio eta eredu hau ikasgela guztietako saio berrietan",
  "commonNote": "Saio berrietako ikasgelaren bideak ordezkatzen ditu. Irekitako saioak ez dira aldatzen.",
  "commonOff": "Ikasgela bakoitzak bere uneko eredua mantentzen du aukera hau aktibatu arte.",
  "commonOn": "Ikasgela guztietako saio berriek eredu hau erabiliko dute.",
  "concurrent": "Aldi bereko eskaerak",
  "configured": "Gakoa gordeta; utzi hutsik mantentzeko",
  "conflict": "Konfigurazioa beste leiho batean aldatu da. Kargatu eta berrikusi aldaketak gorde aurretik.",
  "connect": "Gaitu konexioa",
  "connectionsHelp": "Kredentzialak zerbitzariarenak dira eta gorde ondoren ez dira berriro erakusten. Gakoa sartzean konexioa egiaztatu eta erabilgarri dauden ereduak kargatzen dira.",
  "connectionsStep": "1. Hornitzaileekiko konexioak",
  "cost": "Kostu muga (unitateak)",
  "costUsd": "Kostu muga (USD)",
  "duration": "Gehieneko iraupena (ms)",
  "enable": "Konfiguratu funtzio hau",
  "error": "Ezin izan da aldaketa baieztatu. Zirriborroa mantendu da; kargatu berriro saiatu aurretik.",
  "evaluation": "Ebaluazioa",
  "inUse": "Konfiguratutako ibilbide batek erabiltzen du: ezin da desgaitu.",
  "input": "Sarrerako tokenak eskaerako",
  "inputPrice": "Unitateak sarrerako token bakoitzeko",
  "inputPriceUsd": "USD milioi bat sarrera-tokeneko",
  "invalid": "Berrikusi eredua eta mugak: balioek baliozkoak izan behar dute eta sarrera-mugak aurrekontuan sartu behar du.",
  "legacyTitle": "Ikasgela bakoitzaren uneko eredua",
  "limits": "Erabilera mugak",
  "limitsStep": "3. Mugak eta prezioak",
  "loading": "Konexioak kargatzen…",
  "map": "Mapa · ikasgelako eta eguneko",
  "missing": "Ez dago hornitzailerik instalatuta.",
  "model": "Eredu nagusia",
  "modelsInvalid": "Ezin izan da gakoa balioztatu. Berrikusi eta saiatu berriro.",
  "modelsLoading": "Konexioa egiaztatzen eta ereduak kargatzen…",
  "modelsReady": "Konexioa egiaztatuta · Eredu erabilgarriak",
  "modelsRefresh": "Egiaztatu berriro",
  "modelsUnavailable": "Ezin izan dira ereduak kargatu. Ereduaren IDa eskuz idatz dezakezu.",
  "output": "Irteerako tokenak eskaerako",
  "outputPrice": "Unitateak irteerako token bakoitzeko",
  "outputPriceUsd": "USD milioi bat irteera-tokeneko",
  "pending": "Gorde gabeko aldaketak",
  "provider": "Hornitzailea",
  "reload": "Berriro kargatu",
  "reports": "Txostenak · saiakerako",
  "requests": "Gehieneko eskaerak",
  "roleAdmin": "Zerbitzari hau zuk administratzen duzu. Aldaketek bere ikasgela guztiei eragiten diete.",
  "routeHelp": "Eredu nagusiak tutoretza eta, beste bat aukeratu ezean, ebaluazioa egiten ditu.",
  "routeStep": "2. Saioetarako eredua",
  "save": "Gorde konfigurazioa",
  "saved": "Konfigurazioa gordeta. Irekitako saioek beren eredua mantentzen dute.",
  "setup": "Esleitu zerbitzaria administratuko duen irakaslea server-settings initialize komandoarekin, behin bakarrik.",
  "title": "Zerbitzari hau · Konexioak eta ereduak",
  "tokens": "Tokenak guztira",
  "tools": "Tresna deiak",
  "tutoring": "Tutoretza",
  "unavailable": "Plugin honek ez du konfigurazio formulariorik eskaintzen.",
  "unit": "Kostu unitatea",
  "unlimited": "Erabilera mugagabea",
  "unsaved": "Baztertu gorde gabeko aldaketak?",
}