{
  "administration": "School",
  "administrationNote": "Teachers, students, classes and their members.",
  "appearance": "Appearance and views",
  "choose": "Select a class to get started",
  "classroom": "This class",
  "classroomNote": "How the tutor teaches, which skills students receive and which educational tools are active in the selected class.",
  "configure": "Enable in My dashboard",
  "diagnostics": "Diagnostics and usage",
  "discard": "There are unsaved changes. Discard them and switch class?",
  "installStudents": "Install Marea on student computers",
  "map": "Map",
  "navigation": "Main navigation",
  "panel": "My dashboard",
  "panelNote": "Your dashboard language, appearance and views.",
  "progress": "Progress",
  "ready": "Your first class is ready.",
  "reports": "Reports",
  "server": "Server",
  "serverNote": "Providers, models and limits shared by every class on this server.",
  "sessions": "Sessions",
  "settings": "Settings",
  "settingsNavigation": "Settings sections",
  "skills": "Skill editing",
  "unavailable": "This view is not enabled in your dashboard.",
}