{
  "administration": "Center administration",
  "administrationNote": "Center accounts, classes and memberships. It does not include providers or models.",
  "appearance": "Appearance and views",
  "choose": "Select a class to get started",
  "classroom": "This class",
  "classroomNote": "How the tutor teaches, which skills students receive and which educational tools are active in the selected class.",
  "configure": "Enable in My dashboard",
  "diagnostics": "Diagnostics and usage",
  "discard": "There are unsaved changes. Discard them and switch class?",
  "map": "Map",
  "navigation": "Main navigation",
  "panel": "My dashboard",
  "panelNote": "Your dashboard appearance and views, service status and usage.",
  "progress": "Progress",
  "reports": "Reports",
  "server": "Server",
  "serverNote": "Providers, models and limits shared by every class on this server.",
  "sessions": "Sessions",
  "settings": "Settings",
  "settingsNavigation": "Settings sections",
  "skills": "Skill editing",
  "unavailable": "This view is not enabled in your dashboard.",
}