{
  "administration": "Administración del centro",
  "administrationNote": "Cuentas, clases y pertenencias del centro. No incluye proveedores ni modelos.",
  "appearance": "Apariencia y vistas",
  "choose": "Selecciona una clase para empezar",
  "classroom": "Esta clase",
  "classroomNote": "Cómo enseña el tutor, qué skills recibe el alumnado y qué herramientas educativas están activas en la clase seleccionada.",
  "configure": "Activar en Mi panel",
  "diagnostics": "Diagnóstico y consumo",
  "discard": "Hay cambios sin guardar. ¿Quieres descartarlos y cambiar de clase?",
  "map": "Mapa",
  "navigation": "Navegación principal",
  "panel": "Mi panel",
  "panelNote": "Apariencia y vistas de tu panel, estado del servicio y consumo.",
  "progress": "Progreso",
  "reports": "Informes",
  "server": "Servidor",
  "serverNote": "Proveedores, modelos y límites compartidos por todas las clases de este servidor.",
  "sessions": "Sesiones",
  "settings": "Ajustes",
  "settingsNavigation": "Secciones de ajustes",
  "skills": "Edición de skills",
  "unavailable": "Esta vista no está habilitada en tu panel.",
}