{
  "acceptCurrent": "Accept current configuration",
  "automaticEvaluation": "Automatic evaluation",
  "automaticEvaluationNote": "Automatic evaluation stays off without a selected evaluation method.",
  "busy": "Working…",
  "chooseClass": "Choose a class to read or create its teaching configuration.",
  "classSelector": "Class",
  "classesEmpty": "No classes are assigned to you yet.",
  "classesError": "Classes could not be loaded.",
  "classesHeading": "Classes",
  "classesLoading": "Loading classes…",
  "currentValues": "Persisted values (read-only)",
  "description": "Description",
  "didacticCap": "Up to 64 didactic skills can be selected.",
  "didacticLegend": "Didactic skills",
  "digest": "Digest",
  "discardDraft": "Discard draft and keep current",
  "evaluationLegend": "Evaluation methods",
  "firstConfiguration": "First configuration: nothing is saved for this class yet.",
  "freeInstructions": "Free mode instructions",
  "freeModeNote": "Free mode excludes didactic startup and materialization but keeps normal tool permissions.",
  "heading": "Class teaching configuration",
  "instructionsNote": "Edit the complete instructions for each mode; neither field can be empty. Restoring defaults only changes this draft; save to apply it to new sessions. Tool permissions and safety rules remain enforced separately.",
  "interpolated": {
    "savedVersion": "Saved version v1",
    "switchPrompt": "Switch to Physics? Unsaved draft changes will be lost.",
  },
  "modeLabel": "Agent mode",
  "modes": {
    "free": "Free mode",
    "tutoring": "Guided tutoring",
  },
  "noCurrent": "No configuration is saved for this class yet.",
  "noDraft": "Reading the configuration…",
  "operatorWarning": "Operator prerequisites are missing. Reading is allowed but saving is blocked.",
  "problems": {
    "conflict": "The saved configuration changed while you were editing.",
    "forbidden": "You do not have access to this class.",
    "invalid": "The server rejected the request as invalid.",
    "load": "Classes could not be loaded.",
    "skill-unavailable": "A selected skill is unavailable or stale on the server.",
    "uncertain": "The save outcome is unknown. Your draft is preserved.",
    "unconfigured": "Operator prerequisites are not configured for this deployment.",
  },
  "recoveryHeading": "Recovery: current saved configuration",
  "recoveryNote": "Your draft is preserved next to the current saved values. Nothing is overwritten automatically.",
  "reloadClasses": "Reload classes",
  "reloadCurrent": "Reload current configuration",
  "remove": "Remove",
  "reselect": "Reselect this version",
  "restoreFree": "Restore free mode defaults",
  "restoreTutoring": "Restore guided mode defaults",
  "save": "Save configuration",
  "saveBlocked": "Save configuration (blocked)",
  "saveNote": "Saves affect new sessions only; already-open snapshots keep their frozen configuration.",
  "savedVersion": [Function],
  "skillCurrent": "Current version",
  "skillMissing": "Missing selection: this version is not in the current catalog.",
  "skillStale": "Stale selection: the saved digest differs from this version.",
  "source": "Source",
  "switchCancel": "Cancel",
  "switchDiscard": "Discard draft and switch",
  "switchPrompt": [Function],
  "tutoringInstructions": "Guided mode instructions",
}