{
  "acceptCurrent": "Aceptar la configuración actual",
  "automaticEvaluation": "Evaluación automática",
  "automaticEvaluationNote": "La evaluación automática permanece desactivada sin un método de evaluación seleccionado.",
  "busy": "Procesando…",
  "chooseClass": "Elige una clase para leer o crear su configuración docente.",
  "classSelector": "Clase",
  "classesEmpty": "Todavía no tienes clases asignadas.",
  "classesError": "No se han podido cargar las clases.",
  "classesHeading": "Clases",
  "classesLoading": "Cargando clases…",
  "currentValues": "Valores persistidos (solo lectura)",
  "customizeInstructions": "Personalizar instrucciones",
  "description": "Descripción",
  "didacticCap": "Se pueden seleccionar hasta 64 skills didácticas.",
  "didacticLegend": "Skills didácticas",
  "digest": "Digest",
  "discardDraft": "Descartar borrador y quedarse con la actual",
  "evaluationLegend": "Métodos de evaluación",
  "firstConfiguration": "Primera configuración: todavía no hay nada guardado para esta clase.",
  "freeInstructions": "Instrucciones del modo libre",
  "freeModeNote": "El modo libre omite el arranque y la materialización didácticos, pero conserva los permisos normales de herramientas.",
  "heading": "Configuración docente de la clase",
  "instructionsNote": "Edita las instrucciones completas de cada modo; ninguno de los dos campos puede quedar vacío. Restaurar los valores predeterminados solo cambia este borrador; guarda para aplicarlo a sesiones nuevas. Los permisos de herramientas y las reglas de seguridad se mantienen por separado.",
  "interpolated": {
    "savedVersion": "Versión guardada v1",
    "switchPrompt": "¿Cambiar a Physics? Los cambios sin guardar se perderán.",
  },
  "modeLabel": "Modo del agente",
  "modes": {
    "free": "Modo libre",
    "tutoring": "Tutoría guiada",
  },
  "noCurrent": "Todavía no hay configuración guardada para esta clase.",
  "noDraft": "Leyendo la configuración…",
  "operatorWarning": "Guarda un proveedor y modelo en Ajustes → Servidor y recarga esta clase para poder guardar sus ajustes docentes. Si no administras las conexiones, pídeselo al administrador del servidor.",
  "problems": {
    "conflict": "La configuración guardada ha cambiado mientras editabas.",
    "forbidden": "No tienes acceso a esta clase.",
    "invalid": "El servidor ha rechazado la solicitud por no ser válida.",
    "load": "No se han podido cargar las clases.",
    "skill-unavailable": "Una skill seleccionada no está disponible o está desactualizada.",
    "uncertain": "El resultado del guardado es desconocido. Tu borrador se conserva.",
    "unconfigured": "Esta clase no tiene un modelo configurado. Guarda un proveedor y modelo en Ajustes → Servidor y recarga la clase.",
  },
  "recoveryHeading": "Recuperación: configuración guardada actual",
  "recoveryNote": "Tu borrador se conserva junto a los valores guardados actuales. Nada se sobrescribe automáticamente.",
  "reloadClasses": "Recargar clases",
  "reloadCurrent": "Recargar configuración actual",
  "remove": "Quitar",
  "reselect": "Reseleccionar esta versión",
  "restoreFree": "Restaurar instrucciones del modo libre",
  "restoreTutoring": "Restaurar instrucciones del modo guiado",
  "save": "Guardar configuración",
  "saveBlocked": "Guardar configuración (bloqueado)",
  "saveNote": "Los guardados afectan solo a las sesiones nuevas; las sesiones ya abiertas conservan su configuración congelada.",
  "savedVersion": [Function],
  "skillCurrent": "Versión actual",
  "skillMissing": "Selección ausente: esta versión no está en el catálogo actual.",
  "skillStale": "Selección desactualizada: el digest guardado difiere de esta versión.",
  "socraticHelp": "En cada turno del alumno, frena la escritura o edición de código del ejercicio hasta que el tutor haga una pregunta o alcance el límite de intentos. No afecta al modo libre, los archivos de configuración ni los comandos de terminal. El alumno sigue teniendo que autorizar los cambios. Solo se aplica a sesiones nuevas; los clientes antiguos deberán actualizarse.",
  "socraticLabel": "Bloqueo de escritura del tutor",
  "socraticModes": {
    "normal": "Bloquear el primer intento",
    "off": "Desactivado",
    "strict": "Bloquear hasta tres intentos",
  },
  "source": "Fuente",
  "switchCancel": "Cancelar",
  "switchDiscard": "Descartar el borrador y cambiar",
  "switchPrompt": [Function],
  "technicalDetails": "Detalles técnicos",
  "tutoringInstructions": "Instrucciones del modo guiado",
}