{
  "accept": "Accept current state",
  "aside": "Aside",
  "catalog": "This page uses a different plugin release. Your draft is retained. Reload the page after recording your draft.",
  "classOverride": "My class view",
  "compact": "Compact",
  "confirm": "Leave this session and discard its unsaved review or notice?",
  "confirmReset": "Reset this profile scope?",
  "conflict": "The profile changed elsewhere. Your draft is retained. Review current state before saving.",
  "contrast": "High contrast",
  "discard": "Saving discards unavailable plugin settings",
  "down": "Move down",
  "draft": "Unsaved profile draft",
  "empty": "No visible modules. Use dashboard appearance to enable them.",
  "evidence": "Reviewed evidence",
  "failed": "Module unavailable. Retry loading.",
  "health": "Service health",
  "inheritModules": "Inherit personal modules",
  "inheritTheme": "Inherit personal theme",
  "invalid": "Choose a theme or module override, or reset the scope to inherit both fields.",
  "legacy": "Dashboard customization requires an offline server upgrade. Sessions remain available.",
  "loading": "Loading…",
  "main": "Main",
  "map": "Attention map",
  "marea": "Marea",
  "matched": "The current saved value matches your draft.",
  "personal": "Personal defaults",
  "progress": "Learning progress",
  "read": "Read current state",
  "reapply": "Keep draft against current revision",
  "recovery": "This profile needs recovery. Reset this scope to restore inherited defaults.",
  "reports": "Class reports",
  "reset": "Reset this scope",
  "retry": "Retry",
  "save": "Save",
  "scope": "Edit profile",
  "selectClass": "Select a class",
  "sessions": "Sessions and evaluation",
  "size": "Size",
  "slot": "Position",
  "standard": "Standard",
  "theme": "Theme",
  "title": "Dashboard appearance",
  "unavailable": "Dashboard preferences are unavailable. Your draft is retained. Retry reading.",
  "uncertain": "The save could not be confirmed. Readback does not replay the write. Review before continuing.",
  "up": "Move up",
  "usage": "Usage and cost",
  "visible": "Visible",
  "warning": "Some saved preferences are unavailable. Replacing this scope discards those settings.",
  "wide": "Wide",
}