{
  "acceptReadback": "Accept current readback",
  "busy": "Working…",
  "cancelImport": "Cancel import",
  "cancelNavigation": "Keep editing",
  "catalogEmpty": "This class has no available skills.",
  "catalogHeading": "Authorized catalog",
  "catalogLoading": "Loading the class catalog…",
  "chooseClass": "Choose a class to browse its authorized skill catalog.",
  "chooseSkill": "Choose a catalog skill or start a personal draft.",
  "classSelector": "Class",
  "classesEmpty": "No classes are assigned to you yet.",
  "classesHeading": "Authorized classes",
  "classesLoading": "Loading authorized classes…",
  "copy": "Copy to personal skill",
  "copyBlocked": "Copy to personal skill (blocked)",
  "copyHint": "Copy preserves every canonical relative file and uses a new personal slug.",
  "copySource": [Function],
  "destinationSlug": "Destination slug",
  "didactic": "Didactic",
  "digest": "Loaded digest",
  "dirtyNote": "Unsaved edits are preserved until you explicitly save or discard them.",
  "discardAndNavigate": "Discard edits and navigate",
  "draftContent": "Unsaved draft content",
  "editable": "Editable personal skill",
  "editorHeading": "Skill files",
  "errors": {
    "conflict": "The personal skill changed while you were editing.",
    "forbidden": "You do not have access to this class or skill.",
    "invalid": "The server rejected the authoring request as invalid.",
    "load": "The authoring data could not be loaded.",
    "skill-unavailable": "The selected skill is unavailable or stale.",
    "uncertain": "The write outcome is unknown. Your draft is preserved; read it back before deciding.",
  },
  "evaluation": "Evaluation",
  "exportDraft": [Function],
  "exportSaved": [Function],
  "fileContent": "File text",
  "fileError": "The selected files could not be imported or exported.",
  "filePath": "Relative file path",
  "heading": "Skill authoring",
  "importDirectory": "Import directory",
  "importFiles": "Import explicit files",
  "importHint": "Imports complete UTF-8 text files and replaces the current draft files.",
  "importPendingHeading": "Replace draft files?",
  "importPendingNote": "The selected files will replace the current draft file list.",
  "importReplace": "Replace draft files",
  "interpolated": {
    "copySource": "Copy source skill:one",
    "exportDraft": "Export draft out",
    "exportSaved": "Export saved out",
    "pendingPrompt": "Switch to Physics? Unsaved draft changes will be lost.",
  },
  "kind": "Kind",
  "mainFile": "Canonical SKILL.md",
  "newPersonal": "Create or open personal skill",
  "noDraft": "No personal draft is open.",
  "noSkill": "This personal skill does not exist yet; start a new draft below.",
  "pendingHeading": "Confirm navigation",
  "pendingPrompt": [Function],
  "personalHeading": "Personal skill",
  "personalSlug": "Personal slug",
  "readonly": "Read-only catalog skill",
  "readonlyNote": "Catalog content is read-only. Copy it to edit a personal version.",
  "recoveryHeading": "Recovery readback",
  "recoveryNote": "The current personal content is shown without replacing your draft. Accept it explicitly before reapplying edits.",
  "reload": "Reload personal content",
  "reloadCatalog": "Reload catalog",
  "reloadClasses": "Reload classes",
  "removeFile": "Remove file",
  "resourceFile": "Resource file",
  "save": "Save personal skill",
  "saveBlocked": "Save personal skill (blocked)",
  "savedContent": "Saved canonical content",
  "skillIdentity": "Skill identity",
  "slug": "Slug",
  "source": "Source",
  "startPersonal": "Open personal skill",
  "status": {
    "current": "Current",
    "missing": "Missing",
    "stale": "Stale",
  },
  "validate": "Validate draft",
  "validationSuccess": "The draft is valid and has not been published.",
}