{
  "acceptReadback": "Aceptar la lectura actual",
  "busy": "Procesando…",
  "cancelImport": "Cancelar importación",
  "cancelNavigation": "Seguir editando",
  "catalogEmpty": "Esta clase no tiene skills disponibles.",
  "catalogHeading": "Catálogo autorizado",
  "catalogLoading": "Cargando el catálogo de la clase…",
  "chooseClass": "Elige una clase para consultar su catálogo autorizado.",
  "chooseSkill": "Elige una skill del catálogo o inicia un borrador personal.",
  "classSelector": "Clase",
  "classesEmpty": "Todavía no tienes clases asignadas.",
  "classesHeading": "Clases autorizadas",
  "classesLoading": "Cargando las clases autorizadas…",
  "copy": "Copiar a skill personal",
  "copyBlocked": "Copiar a skill personal (bloqueado)",
  "copyHint": "La copia conserva todos los archivos relativos canónicos y usa un slug personal nuevo.",
  "copySource": [Function],
  "creationHelp": "Empieza viendo una skill, por ejemplo la de testing. Cópiala para adaptarla o crea una nueva con un nombre corto. Añade instrucciones y criterios, guarda y actívala en Tutor y skills activas.",
  "destinationSlug": "Slug de destino",
  "didactic": "Didáctica",
  "digest": "Digest cargado",
  "dirtyNote": "Los cambios sin guardar se conservan hasta que los guardes o descartes explícitamente.",
  "discardAndNavigate": "Descartar cambios y navegar",
  "draftContent": "Contenido del borrador sin guardar",
  "editable": "Skill personal editable",
  "editorHeading": "Archivos de la skill",
  "errors": {
    "conflict": "La skill personal cambió mientras editabas.",
    "forbidden": "No tienes acceso a esta clase o skill.",
    "invalid": "El servidor ha rechazado la solicitud de edición por no ser válida.",
    "load": "No se han podido cargar los datos de edición.",
    "skill-unavailable": "La skill seleccionada no está disponible o está desactualizada.",
    "uncertain": "El resultado del guardado es desconocido. Tu borrador se conserva; léelo antes de decidir.",
  },
  "evaluation": "Evaluación",
  "exportDraft": [Function],
  "exportSaved": [Function],
  "fileContent": "Texto del archivo",
  "fileError": "No se han podido importar o exportar los archivos seleccionados.",
  "filePath": "Ruta relativa del archivo",
  "heading": "Edición de skills",
  "importDirectory": "Importar directorio",
  "importFiles": "Importar archivos explícitos",
  "importHint": "Importa archivos de texto UTF-8 completos y sustituye los archivos del borrador.",
  "importPendingHeading": "¿Sustituir los archivos del borrador?",
  "importPendingNote": "Los archivos seleccionados sustituirán la lista actual del borrador.",
  "importReplace": "Sustituir archivos del borrador",
  "interpolated": {
    "copySource": "Origen de copia skill:one",
    "exportDraft": "Exportar out del borrador",
    "exportSaved": "Exportar out guardado",
    "pendingPrompt": "¿Cambiar a Physics? Se perderán los cambios sin guardar.",
  },
  "kind": "Tipo",
  "mainFile": "SKILL.md canónico",
  "newPersonal": "Crear o abrir skill personal",
  "noDraft": "No hay ningún borrador personal abierto.",
  "noSkill": "Esta skill personal todavía no existe; inicia un borrador abajo.",
  "pendingHeading": "Confirmar navegación",
  "pendingPrompt": [Function],
  "personalHeading": "Skill personal",
  "personalSlug": "Slug personal",
  "readonly": "Skill del catálogo de solo lectura",
  "readonlyNote": "El contenido del catálogo es de solo lectura. Cópialo para editar una versión personal.",
  "recoveryHeading": "Lectura de recuperación",
  "recoveryNote": "El contenido personal actual se muestra sin sustituir tu borrador. Acéptalo explícitamente antes de volver a editar.",
  "reload": "Recargar contenido personal",
  "reloadCatalog": "Recargar catálogo",
  "reloadClasses": "Recargar clases",
  "removeFile": "Quitar archivo",
  "resourceFile": "Archivo de recursos",
  "save": "Guardar skill personal",
  "saveBlocked": "Guardar skill personal (bloqueado)",
  "savedContent": "Contenido canónico guardado",
  "skillIdentity": "Identidad de la skill",
  "slug": "Slug",
  "source": "Fuente",
  "startPersonal": "Abrir skill personal",
  "status": {
    "current": "Actual",
    "missing": "Ausente",
    "stale": "Desactualizada",
  },
  "technicalDetails": "Detalles técnicos",
  "validate": "Validar borrador",
  "validationSuccess": "El borrador es válido y todavía no se ha publicado.",
}