{
  "acceptReadback": "Onartu uneko irakurketa",
  "busy": "Lanean…",
  "cancelImport": "Utzi inportazioa",
  "cancelNavigation": "Jarraitu editatzen",
  "catalogEmpty": "Ikasgela honek ez du skill erabilgarririk.",
  "catalogHeading": "Baimendutako katalogoa",
  "catalogLoading": "Ikasgelako katalogoa kargatzen…",
  "chooseClass": "Aukeratu ikasgela haren skill-katalogo baimendua arakatzeko.",
  "chooseSkill": "Aukeratu katalogoko skill bat edo hasi zirriborro pertsonal bat.",
  "classSelector": "Ikasgela",
  "classesEmpty": "Oraindik ez zaizu ikasgelarik esleitu.",
  "classesHeading": "Baimendutako ikasgelak",
  "classesLoading": "Baimendutako ikasgelak kargatzen…",
  "copy": "Kopiatu skill pertsonalera",
  "copyBlocked": "Kopiatu skill pertsonalera (blokeatuta)",
  "copyHint": "Kopiak fitxategi erlatibo kanoniko guztiak mantentzen ditu eta slug pertsonal berria erabiltzen du.",
  "copySource": [Function],
  "creationHelp": "Hasi skill bat ikusiz, adibidez testing adibidea. Kopiatu moldatzeko edo sortu berri bat izen laburrarekin. Gehitu argibideak eta irizpideak, gorde eta aktibatu Tutorea eta skill aktiboak atalean.",
  "destinationSlug": "Helmugako slug-a",
  "didactic": "Didaktikoa",
  "digest": "Kargatutako digest-a",
  "dirtyNote": "Gorde gabeko aldaketak mantendu egingo dira zuk berariaz gorde edo baztertu arte.",
  "discardAndNavigate": "Baztertu edizioak eta nabigatu",
  "draftContent": "Gorde gabeko zirriborro-edukia",
  "editable": "Skill pertsonal editagarria",
  "editorHeading": "Skill-aren fitxategiak",
  "errors": {
    "conflict": "Skill pertsonala aldatu egin da editatzen ari zinela.",
    "forbidden": "Ez duzu ikasgela edo skill honetarako sarbiderik.",
    "invalid": "Zerbitzariak edizio-eskaera baliogabetzat baztertu du.",
    "load": "Ezin izan dira edizio-datuak kargatu.",
    "skill-unavailable": "Hautatutako skill-a ez dago erabilgarri edo zaharkituta dago.",
    "uncertain": "Idazketaren emaitza ezezaguna da. Zure zirriborroa mantendu da; irakurri berriro erabaki aurretik.",
  },
  "evaluation": "Ebaluazioa",
  "exportDraft": [Function],
  "exportSaved": [Function],
  "fileContent": "Fitxategiaren testua",
  "fileError": "Ezin izan dira hautatutako fitxategiak inportatu edo esportatu.",
  "filePath": "Fitxategiaren bide erlatiboa",
  "heading": "Skill-en edizioa",
  "importDirectory": "Inportatu direktorioa",
  "importFiles": "Inportatu fitxategi zehatzak",
  "importHint": "UTF-8 testu-fitxategi osoak inportatzen ditu eta uneko zirriborroko fitxategiak ordezten ditu.",
  "importPendingHeading": "Ordeztu zirriborroko fitxategiak?",
  "importPendingNote": "Hautatutako fitxategiek uneko zirriborro-fitxategien zerrenda ordeztuko dute.",
  "importReplace": "Ordeztu zirriborroko fitxategiak",
  "interpolated": {
    "copySource": "Kopiaren iturria skill:one",
    "exportDraft": "Zirriborroa esportatu da: out",
    "exportSaved": "Gordetako edukia esportatu da: out",
    "pendingPrompt": "Beste helmuga hau hautatu nahi duzu: Physics? Gorde gabeko zirriborro-aldaketak galduko dira.",
  },
  "kind": "Mota",
  "mainFile": "SKILL.md kanonikoa",
  "newPersonal": "Sortu edo ireki skill pertsonala",
  "noDraft": "Ez dago zirriborro pertsonalik irekita.",
  "noSkill": "Skill pertsonal hau ez da oraindik existitzen; hasi zirriborro berria behean.",
  "pendingHeading": "Berretsi nabigazioa",
  "pendingPrompt": [Function],
  "personalHeading": "Skill pertsonala",
  "personalSlug": "Slug pertsonala",
  "readonly": "Katalogoko skill-a (irakurtzeko soilik)",
  "readonlyNote": "Katalogoko edukia irakurtzeko soilik da. Kopiatu bertsio pertsonala editatzeko.",
  "recoveryHeading": "Berreskuratze-irakurketa",
  "recoveryNote": "Uneko eduki pertsonala zure zirriborroa ordeztu gabe erakusten da. Onartu berariaz edizioak berriro aplikatu aurretik.",
  "reload": "Birkargatu eduki pertsonala",
  "reloadCatalog": "Birkargatu katalogoa",
  "reloadClasses": "Birkargatu ikasgelak",
  "removeFile": "Kendu fitxategia",
  "resourceFile": "Baliabide-fitxategia",
  "save": "Gorde skill pertsonala",
  "saveBlocked": "Gorde skill pertsonala (blokeatuta)",
  "savedContent": "Gordetako eduki kanonikoa",
  "skillIdentity": "Skill-aren identitatea",
  "slug": "Slug-a",
  "source": "Iturria",
  "startPersonal": "Ireki skill pertsonala",
  "status": {
    "current": "Unekoa",
    "missing": "Falta",
    "stale": "Zaharkitua",
  },
  "technicalDetails": "Xehetasun teknikoak",
  "validate": "Balidatu zirriborroa",
  "validationSuccess": "Zirriborroa baliozkoa da eta ez da argitaratu.",
}