// Vitest Snapshot v1, https://vitest.dev/guide/snapshot.html

exports[`keeps all class drafts mounted and switches only the visible panel > access 1`] = `"<div class="class-settings"><nav class="settings-subnavigation"><button type="button">Tutor and active skills</button><button type="button" aria-current="page">Student access</button><button type="button">Educational features</button><button type="button">Create and edit skills</button></nav><div hidden=""><p>Tutor</p></div><div><p>Access</p></div><div hidden=""><p>Features</p></div><div hidden=""><p>Library</p></div></div>"`;

exports[`keeps all class drafts mounted and switches only the visible panel > features 1`] = `"<div class="class-settings"><nav class="settings-subnavigation"><button type="button">Tutor and active skills</button><button type="button">Student access</button><button type="button" aria-current="page">Educational features</button><button type="button">Create and edit skills</button></nav><div hidden=""><p>Tutor</p></div><div hidden=""><p>Access</p></div><div><p>Features</p></div><div hidden=""><p>Library</p></div></div>"`;

exports[`keeps all class drafts mounted and switches only the visible panel > library 1`] = `"<div class="class-settings"><nav class="settings-subnavigation"><button type="button">Tutor and active skills</button><button type="button">Student access</button><button type="button">Educational features</button><button type="button" aria-current="page">Create and edit skills</button></nav><div hidden=""><p>Tutor</p></div><div hidden=""><p>Access</p></div><div hidden=""><p>Features</p></div><div><p>Library</p></div></div>"`;

exports[`keeps all class drafts mounted and switches only the visible panel > tutor 1`] = `"<div class="class-settings"><nav class="settings-subnavigation"><button type="button" aria-current="page">Tutor and active skills</button><button type="button">Student access</button><button type="button">Educational features</button><button type="button">Create and edit skills</button></nav><div><p>Tutor</p></div><div hidden=""><p>Access</p></div><div hidden=""><p>Features</p></div><div hidden=""><p>Library</p></div></div>"`;

exports[`shows localized section names and one selected server section > en features 1`] = `"<nav class="settings-subnavigation"><button type="button">Connection and model</button><button type="button">School accounts</button><button type="button">Network and installation</button><button type="button" aria-current="page">Feature models</button><button type="button">Costs and limits</button><button type="button">External traces</button></nav>"`;

exports[`shows localized section names and one selected server section > en identities 1`] = `"<nav class="settings-subnavigation"><button type="button">Connection and model</button><button type="button" aria-current="page">School accounts</button><button type="button">Network and installation</button><button type="button">Feature models</button><button type="button">Costs and limits</button><button type="button">External traces</button></nav>"`;

exports[`shows localized section names and one selected server section > en limits 1`] = `"<nav class="settings-subnavigation"><button type="button">Connection and model</button><button type="button">School accounts</button><button type="button">Network and installation</button><button type="button">Feature models</button><button type="button" aria-current="page">Costs and limits</button><button type="button">External traces</button></nav>"`;

exports[`shows localized section names and one selected server section > en models 1`] = `"<nav class="settings-subnavigation"><button type="button" aria-current="page">Connection and model</button><button type="button">School accounts</button><button type="button">Network and installation</button><button type="button">Feature models</button><button type="button">Costs and limits</button><button type="button">External traces</button></nav>"`;

exports[`shows localized section names and one selected server section > en network 1`] = `"<nav class="settings-subnavigation"><button type="button">Connection and model</button><button type="button">School accounts</button><button type="button" aria-current="page">Network and installation</button><button type="button">Feature models</button><button type="button">Costs and limits</button><button type="button">External traces</button></nav>"`;

exports[`shows localized section names and one selected server section > en traces 1`] = `"<nav class="settings-subnavigation"><button type="button">Connection and model</button><button type="button">School accounts</button><button type="button">Network and installation</button><button type="button">Feature models</button><button type="button">Costs and limits</button><button type="button" aria-current="page">External traces</button></nav>"`;

exports[`shows localized section names and one selected server section > es features 1`] = `"<nav class="settings-subnavigation"><button type="button">Conexión y modelo</button><button type="button">Cuentas del centro</button><button type="button">Red e instalación</button><button type="button" aria-current="page">Modelos de funciones</button><button type="button">Costes y límites</button><button type="button">Trazas externas</button></nav>"`;

exports[`shows localized section names and one selected server section > es identities 1`] = `"<nav class="settings-subnavigation"><button type="button">Conexión y modelo</button><button type="button" aria-current="page">Cuentas del centro</button><button type="button">Red e instalación</button><button type="button">Modelos de funciones</button><button type="button">Costes y límites</button><button type="button">Trazas externas</button></nav>"`;

exports[`shows localized section names and one selected server section > es limits 1`] = `"<nav class="settings-subnavigation"><button type="button">Conexión y modelo</button><button type="button">Cuentas del centro</button><button type="button">Red e instalación</button><button type="button">Modelos de funciones</button><button type="button" aria-current="page">Costes y límites</button><button type="button">Trazas externas</button></nav>"`;

exports[`shows localized section names and one selected server section > es models 1`] = `"<nav class="settings-subnavigation"><button type="button" aria-current="page">Conexión y modelo</button><button type="button">Cuentas del centro</button><button type="button">Red e instalación</button><button type="button">Modelos de funciones</button><button type="button">Costes y límites</button><button type="button">Trazas externas</button></nav>"`;

exports[`shows localized section names and one selected server section > es network 1`] = `"<nav class="settings-subnavigation"><button type="button">Conexión y modelo</button><button type="button">Cuentas del centro</button><button type="button" aria-current="page">Red e instalación</button><button type="button">Modelos de funciones</button><button type="button">Costes y límites</button><button type="button">Trazas externas</button></nav>"`;

exports[`shows localized section names and one selected server section > es traces 1`] = `"<nav class="settings-subnavigation"><button type="button">Conexión y modelo</button><button type="button">Cuentas del centro</button><button type="button">Red e instalación</button><button type="button">Modelos de funciones</button><button type="button">Costes y límites</button><button type="button" aria-current="page">Trazas externas</button></nav>"`;

exports[`shows localized section names and one selected server section > eu features 1`] = `"<nav class="settings-subnavigation"><button type="button">Konexioa eta modeloa</button><button type="button">Ikastetxeko kontuak</button><button type="button">Sarea eta instalazioa</button><button type="button" aria-current="page">Funtzioen modeloak</button><button type="button">Kostuak eta mugak</button><button type="button">Kanpoko aztarnak</button></nav>"`;

exports[`shows localized section names and one selected server section > eu identities 1`] = `"<nav class="settings-subnavigation"><button type="button">Konexioa eta modeloa</button><button type="button" aria-current="page">Ikastetxeko kontuak</button><button type="button">Sarea eta instalazioa</button><button type="button">Funtzioen modeloak</button><button type="button">Kostuak eta mugak</button><button type="button">Kanpoko aztarnak</button></nav>"`;

exports[`shows localized section names and one selected server section > eu limits 1`] = `"<nav class="settings-subnavigation"><button type="button">Konexioa eta modeloa</button><button type="button">Ikastetxeko kontuak</button><button type="button">Sarea eta instalazioa</button><button type="button">Funtzioen modeloak</button><button type="button" aria-current="page">Kostuak eta mugak</button><button type="button">Kanpoko aztarnak</button></nav>"`;

exports[`shows localized section names and one selected server section > eu models 1`] = `"<nav class="settings-subnavigation"><button type="button" aria-current="page">Konexioa eta modeloa</button><button type="button">Ikastetxeko kontuak</button><button type="button">Sarea eta instalazioa</button><button type="button">Funtzioen modeloak</button><button type="button">Kostuak eta mugak</button><button type="button">Kanpoko aztarnak</button></nav>"`;

exports[`shows localized section names and one selected server section > eu network 1`] = `"<nav class="settings-subnavigation"><button type="button">Konexioa eta modeloa</button><button type="button">Ikastetxeko kontuak</button><button type="button" aria-current="page">Sarea eta instalazioa</button><button type="button">Funtzioen modeloak</button><button type="button">Kostuak eta mugak</button><button type="button">Kanpoko aztarnak</button></nav>"`;

exports[`shows localized section names and one selected server section > eu traces 1`] = `"<nav class="settings-subnavigation"><button type="button">Konexioa eta modeloa</button><button type="button">Ikastetxeko kontuak</button><button type="button">Sarea eta instalazioa</button><button type="button">Funtzioen modeloak</button><button type="button">Kostuak eta mugak</button><button type="button" aria-current="page">Kanpoko aztarnak</button></nav>"`;
